Archive member included to satisfy reference by file (symbol)

C:/devkitPro/libnds/lib\libmm9.a(mm_comms.o)
                              main.o (mmEffect)
C:/devkitPro/libnds/lib\libmm9.a(mm_memory.o)
                              main.o (mmLoadEffect)
C:/devkitPro/libnds/lib\libmm9.a(mm_main9.o)
                              C:/devkitPro/libnds/lib\libmm9.a(mm_memory.o) (mmcbMemory)
C:/devkitPro/libnds/lib\libmm9.a(mm_soundbank.o)
                              C:/devkitPro/libnds/lib\libmm9.a(mm_main9.o) (mmSoundBankInMemory)
C:/devkitPro/libnds/lib\libmm9.a(mm_flusher.o)
                              C:/devkitPro/libnds/lib\libmm9.a(mm_memory.o) (mmFlushBank)
C:/devkitPro/examples/nds/Flappy_Bird_DS/nflib/lib\libnflib.a(nf_2d.o)
                              main.o (NF_Set2D)
C:/devkitPro/examples/nds/Flappy_Bird_DS/nflib/lib\libnflib.a(nf_basic.o)
                              C:/devkitPro/examples/nds/Flappy_Bird_DS/nflib/lib\libnflib.a(nf_2d.o) (NF_Error)
C:/devkitPro/examples/nds/Flappy_Bird_DS/nflib/lib\libnflib.a(nf_sprite256.o)
                              main.o (NF_InitSpriteBuffers)
C:/devkitPro/examples/nds/Flappy_Bird_DS/nflib/lib\libnflib.a(nf_tiledbg.o)
                              main.o (NF_InitTiledBgBuffers)
C:/devkitPro/libnds/lib\libfat.a(libfat.o)
                              C:/devkitPro/examples/nds/Flappy_Bird_DS/nflib/lib\libnflib.a(nf_basic.o) (fatInitDefault)
C:/devkitPro/libnds/lib\libfat.a(disc.o)
                              C:/devkitPro/libnds/lib\libfat.a(libfat.o) (_FAT_disc_interfaces)
C:/devkitPro/libnds/lib\libfat.a(fatfile.o)
                              C:/devkitPro/libnds/lib\libfat.a(libfat.o) (_FAT_open_r)
C:/devkitPro/libnds/lib\libfat.a(cache.o)
                              C:/devkitPro/libnds/lib\libfat.a(fatfile.o) (_FAT_cache_readSectors)
C:/devkitPro/libnds/lib\libfat.a(fatdir.o)
                              C:/devkitPro/libnds/lib\libfat.a(libfat.o) (_FAT_stat_r)
C:/devkitPro/libnds/lib\libfat.a(directory.o)
                              C:/devkitPro/libnds/lib\libfat.a(fatfile.o) (_FAT_directory_entryGetCluster)
C:/devkitPro/libnds/lib\libfat.a(partition.o)
                              C:/devkitPro/libnds/lib\libfat.a(libfat.o) (_FAT_partition_destructor)
C:/devkitPro/libnds/lib\libfat.a(lock.o)
                              C:/devkitPro/libnds/lib\libfat.a(partition.o) (_FAT_lock_init)
C:/devkitPro/libnds/lib\libfat.a(filetime.o)
                              C:/devkitPro/libnds/lib\libfat.a(fatfile.o) (_FAT_filetime_getTimeFromRTC)
C:/devkitPro/libnds/lib\libfat.a(file_allocation_table.o)
                              C:/devkitPro/libnds/lib\libfat.a(fatfile.o) (_FAT_fat_nextCluster)
C:/devkitPro/libnds/lib\libfilesystem.a(nitrofs.o)
                              C:/devkitPro/examples/nds/Flappy_Bird_DS/nflib/lib\libnflib.a(nf_basic.o) (nitroFSInit)
C:/devkitPro/libnds/lib\libnds9.a(video.o)
                              C:/devkitPro/examples/nds/Flappy_Bird_DS/nflib/lib\libnflib.a(nf_basic.o) (setBrightness)
C:/devkitPro/libnds/lib\libnds9.a(touch.o)
                              main.o (touchRead)
C:/devkitPro/libnds/lib\libnds9.a(console.o)
                              C:/devkitPro/examples/nds/Flappy_Bird_DS/nflib/lib\libnflib.a(nf_basic.o) (consoleDemoInit)
C:/devkitPro/libnds/lib\libnds9.a(sprite.o)
                              C:/devkitPro/examples/nds/Flappy_Bird_DS/nflib/lib\libnflib.a(nf_sprite256.o) (oamInit)
C:/devkitPro/libnds/lib\libnds9.a(keys.o)
                              main.o (scanKeys)
C:/devkitPro/libnds/lib\libnds9.a(dldi.o)
                              C:/devkitPro/libnds/lib\libfat.a(disc.o) (dldiGetInternal)
C:/devkitPro/libnds/lib\libnds9.a(initSystem.o)
                              c:/devkitpro/devkitarm/bin/../lib/gcc/arm-none-eabi/10.2.0/../../../../arm-none-eabi/lib/thumb/ds_arm9_crt0.o (initSystem)
C:/devkitPro/libnds/lib\libnds9.a(timeSupport.o)
                              C:/devkitPro/libnds/lib\libnds9.a(initSystem.o) (__libnds_gtod)
C:/devkitPro/libnds/lib\libnds9.a(securearea.o)
                              c:/devkitpro/devkitarm/bin/../lib/gcc/arm-none-eabi/10.2.0/../../../../arm-none-eabi/lib/thumb/ds_arm9_crt0.o (__secure_area__)
C:/devkitPro/libnds/lib\libnds9.a(interrupts.o)
                              C:/devkitPro/libnds/lib\libnds9.a(initSystem.o) (irqInit)
C:/devkitPro/libnds/lib\libnds9.a(libnds_exit.arm.o)
                              c:/devkitpro/devkitarm/bin/../lib/gcc/arm-none-eabi/10.2.0/../../../../arm-none-eabi/lib/thumb/ds_arm9_crt0.o (__libnds_exit)
C:/devkitPro/libnds/lib\libnds9.a(card.o)
                              C:/devkitPro/libnds/lib\libfilesystem.a(nitrofs.o) (cardParamCommand)
C:/devkitPro/libnds/lib\libnds9.a(fifosystem.o)
                              C:/devkitPro/libnds/lib\libmm9.a(mm_comms.o) (fifoSetValue32Handler)
C:/devkitPro/libnds/lib\libnds9.a(dcache.o)
[...]
Memory Configuration

Name             Origin             Length             Attributes
ewram            0x0000000002000000 0x0000000000380000
dtcm             0x0000000002ff0000 0x0000000000004000
vectors          0x0000000001000000 0x0000000000000100
itcm             0x0000000001000100 0x0000000000007f00
*default*        0x0000000000000000 0xffffffffffffffff

Linker script and memory map

                0x0000000002380000                __ewram_end = (ORIGIN (ewram) + LENGTH (ewram))
                0x0000000002380000                __eheap_end = (ORIGIN (ewram) + LENGTH (ewram))
                0x0000000002ff4000                __dtcm_top = (ORIGIN (dtcm) + LENGTH (dtcm))
                0x0000000002ff3ff8                __irq_flags = (__dtcm_top - 0x8)
                0x0000000002ff3ffc                __irq_vector = (__dtcm_top - 0x4)
                0x0000000002ff3f00                __sp_svc = (__dtcm_top - 0x100)
                0x0000000002ff3e00                __sp_irq = (__sp_svc - 0x100)
                0x0000000002ff3d00                __sp_usr = (__sp_irq - 0x100)

.secure         0x0000000002000000      0x800
 *(.secure)
 .secure        0x0000000002000000      0x800 C:/devkitPro/libnds/lib\libnds9.a(securearea.o)
                0x0000000002000000                __secure_area__

.crt0           0x0000000002000800      0x300
                0x0000000002000800                __text_start = .
 *(.crt0)
 .crt0          0x0000000002000800      0x300 c:/devkitpro/devkitarm/bin/../lib/gcc/arm-none-eabi/10.2.0/../../../../arm-none-eabi/lib/thumb/ds_arm9_crt0.o
                0x0000000002000800                _start
                0x0000000002000b00                . = ALIGN (0x4)

.plt
 *(.plt)

.init           0x0000000002000b00        0xc
 *(SORT_NONE(.init))
 .init          0x0000000002000b00        0x4 c:/devkitpro/devkitarm/bin/../lib/gcc/arm-none-eabi/10.2.0/thumb/crti.o
                0x0000000002000b00                _init
 .init          0x0000000002000b04        0x8 c:/devkitpro/devkitarm/bin/../lib/gcc/arm-none-eabi/10.2.0/thumb/crtn.o

.text           0x0000000002000b40    0x20280
 *(EXCLUDE_FILE(*.twl* *.vectors* *.itcm*) .text)
 .text          0x0000000002000b40      0x558 main.o
                0x0000000002000b8c                DoMovePipes()
                0x0000000002000c18                DoBackgroundScroll()
                0x0000000002000c48                DoBirdAnimation()
                0x0000000002000c64                ShowScore()
                0x0000000002000d58                ShowScoreInScoreScreen()
                0x0000000002000e9c                ClearScore(bool)
                0x0000000002000ecc                ShowScoreScreen(bool)
                0x0000000002000f3c                ResetPipesPosition()
                0x0000000002000f84                ShowTitle(int)
                0x0000000002001020                LoseGame()
 .text          0x0000000002001098      0x24c C:/devkitPro/libnds/lib\libmm9.a(mm_comms.o)
                0x0000000002001098                mmSetupComms
                0x00000000020010ea                mmSendBank
                0x00000000020010f4                mmLockChannels
                0x00000000020010fa                mmUnlockChannels
                0x0000000002001100                mmStart
                0x000000000200110a                mmPause
                0x000000000200110e                mmResume
                0x0000000002001112                mmStop
                0x0000000002001116                mmPosition
                0x000000000200111a                mmJingle
                0x000000000200111e                mmSetModuleVolume
                0x0000000002001122                mmSetJingleVolume
                0x0000000002001126                mmSetModuleTempo
                0x000000000200112a                mmSetModulePitch
                0x000000000200112e                mmSetEffectsVolume
                0x0000000002001132                mmSelectMode
                0x0000000002001136                mmStreamBegin
                0x000000000200114a                mmStreamEnd
                0x00000000020011a0                mmEffect
                0x00000000020011c4                mmEffectVolume
                0x00000000020011c8                mmEffectPanning
                0x00000000020011cc                mmEffectRate
                0x00000000020011d6                mmEffectScaleRate
                0x00000000020011e0                mmEffectRelease
                0x00000000020011e6                mmEffectCancel
                0x00000000020011ec                mmEffectEx
                0x000000000200122a                mmEffectCancelAll
                0x000000000200122e                mmReverbEnable
                0x0000000002001232                mmReverbDisable
                0x0000000002001236                mmReverbConfigure
                0x0000000002001292                mmReverbStart
                0x0000000002001296                mmReverbStop
 .text          0x00000000020012e4      0x120 C:/devkitPro/libnds/lib\libmm9.a(mm_memory.o)
                0x00000000020012e4                mmLoad
                0x0000000002001334                mmUnload
                0x000000000200138c                mmLoadEffect
                0x00000000020013c4                mmUnloadEffect
 .text          0x0000000002001404      0x108 C:/devkitPro/libnds/lib\libmm9.a(mm_main9.o)
                0x0000000002001404                mmActive
                0x000000000200140a                mmSetEventHandler
                0x0000000002001410                mmInit
                0x000000000200143a                mmInitDefault
                0x0000000002001484                mmInitDefaultMem
                0x00000000020014a6                mmSuspendIRQ_t
                0x00000000020014c4                mmRestoreIRQ_t
 .text          0x000000000200150c      0x100 C:/devkitPro/libnds/lib\libmm9.a(mm_soundbank.o)
                0x000000000200150c                mmSoundBankInMemory
                0x0000000002001514                mmSoundBankInFiles
                0x0000000002001526                mmSetCustomSoundBankHandler
                0x0000000002001552                mmsHandleFileOp
 .text          0x000000000200160c       0x3c C:/devkitPro/libnds/lib\libmm9.a(mm_flusher.o)
                0x000000000200160c                mmFlushBank
 .text          0x0000000002001648      0x874 C:/devkitPro/examples/nds/Flappy_Bird_DS/nflib/lib\libnflib.a(nf_2d.o)
                0x0000000002001648                NF_Set2D
                0x00000000020016b0                NF_ShowBg
                0x000000000200172c                NF_HideBg
                0x00000000020017d0                NF_ScrollBg
                0x0000000002001b20                NF_MoveSprite
                0x0000000002001b40                NF_SpriteLayer
                0x0000000002001b5c                NF_ShowSprite
                0x0000000002001b7c                NF_HflipSprite
                0x0000000002001b98                NF_GetSpriteHflip
                0x0000000002001bb4                NF_VflipSprite
                0x0000000002001bd0                NF_GetSpriteVflip
                0x0000000002001bec                NF_SpriteFrame
                0x0000000002001cbc                NF_EnableSpriteRotScale
                0x0000000002001d50                NF_DisableSpriteRotScale
                0x0000000002001dc4                NF_SpriteRotScale
 .text          0x0000000002001ebc      0x4a0 C:/devkitPro/examples/nds/Flappy_Bird_DS/nflib/lib\libnflib.a(nf_basic.o)
                0x0000000002001ebc                NF_Error
                0x0000000002002168                NF_SetRootFolder
                0x00000000020022c0                NF_DmaMemCopy
                0x000000000200234c                NF_GetLanguage
 .text          0x000000000200235c     0x13b4 C:/devkitPro/examples/nds/Flappy_Bird_DS/nflib/lib\libnflib.a(nf_sprite256.o)
                0x000000000200235c                NF_InitSpriteBuffers
                0x00000000020023a8                NF_ResetSpriteBuffers
                0x00000000020023dc                NF_InitSpriteSys
                0x00000000020025ec                NF_LoadSpriteGfx
                0x00000000020026fc                NF_UnloadSpriteGfx
                0x000000000200276c                NF_LoadSpritePal
                0x0000000002002868                NF_UnloadSpritePal
                0x00000000020028b8                NF_VramSpriteGfx
                0x0000000002002c10                NF_VramSpriteGfxDefrag
                0x0000000002002e14                NF_FreeSpriteGfx
                0x0000000002002f14                NF_VramSpritePal
                0x0000000002002fe8                NF_CreateSprite
                0x0000000002003388                NF_DeleteSprite
                0x0000000002003428                NF_SpriteOamSet
                0x0000000002003500                NF_SpriteSetPalColor
                0x0000000002003598                NF_SpriteEditPalColor
                0x0000000002003614                NF_SpriteUpdatePalette
                0x00000000020036a4                NF_SpriteGetPalColor
 .text          0x0000000002003710     0x19fc C:/devkitPro/examples/nds/Flappy_Bird_DS/nflib/lib\libnflib.a(nf_tiledbg.o)
                0x0000000002003710                NF_InitTiledBgBuffers
                0x00000000020037ac                NF_ResetTiledBgBuffers
                0x0000000002003810                NF_InitTiledBgSys
                0x0000000002003940                NF_LoadTiledBg
                0x0000000002003bc0                NF_LoadTilesForBg
                0x0000000002003e3c                NF_UnloadTiledBg
                0x0000000002003ef4                NF_DeleteTiledBg
                0x000000000200409c                NF_CreateTiledBg
                0x00000000020046c4                NF_GetTileMapAddress
                0x0000000002004780                NF_GetTileOfMap
                0x00000000020047b8                NF_SetTileOfMap
                0x00000000020047fc                NF_UpdateVramMap
                0x000000000200491c                NF_BgSetPalColor
                0x00000000020049cc                NF_BgEditPalColor
                0x0000000002004a70                NF_BgUpdatePalette
                0x0000000002004b30                NF_BgGetPalColor
                0x0000000002004bc8                NF_GetTilePal
                0x0000000002004bfc                NF_SetTilePal
                0x0000000002004c44                NF_LoadExBgPal
                0x0000000002004d30                NF_UnloadExBgPal
                0x0000000002004d80                NF_VramExBgPal
                0x0000000002004e34                NF_SetExBgPal
                0x0000000002004ef4                NF_SetTileHflip
                0x0000000002004f30                NF_SetTileVflip
                0x0000000002004f6c                NF_RotateTileGfx
 *fill*         0x000000000200510c       0x34 ff
 .text          0x0000000002005140     0x4000 C:/devkitPro/libnds/lib\libnds9.a(dldi_stub.o)
                0x0000000002005140                _io_dldi_stub
 .text          0x0000000002009140      0x198 c:/devkitpro/devkitarm/bin/../lib/gcc/arm-none-eabi/10.2.0/thumb\libgcc.a(_arm_mulsf3.o)
                0x0000000002009140                __aeabi_fmul
                0x0000000002009140                __mulsf3
 .text          0x00000000020092d8      0x11c c:/devkitpro/devkitarm/bin/../lib/gcc/arm-none-eabi/10.2.0/thumb\libgcc.a(_udivsi3.o)
                0x00000000020092d8                __aeabi_uidiv
                0x00000000020092d8                __udivsi3
                0x00000000020093d4                __aeabi_uidivmod
 .text          0x00000000020093f4      0x150 c:/devkitpro/devkitarm/bin/../lib/gcc/arm-none-eabi/10.2.0/thumb\libgcc.a(_divsi3.o)
                0x00000000020093f4                __divsi3
                0x00000000020093f4                __aeabi_idiv
                0x0000000002009524                __aeabi_idivmod
 .text          0x0000000002009544        0x4 c:/devkitpro/devkitarm/bin/../lib/gcc/arm-none-eabi/10.2.0/thumb\libgcc.a(_dvmd_tls.o)
                0x0000000002009544                __aeabi_idiv0
                0x0000000002009544                __aeabi_ldiv0
 .text          0x0000000002009548      0x424 c:/devkitpro/devkitarm/bin/../lib/gcc/arm-none-eabi/10.2.0/thumb\libgcc.a(_arm_addsubdf3.o)
                0x0000000002009548                __aeabi_drsub
                0x0000000002009550                __aeabi_dsub
                0x0000000002009550                __subdf3
                0x0000000002009554                __aeabi_dadd
                0x0000000002009554                __adddf3
                0x0000000002009864                __floatunsidf
                0x0000000002009864                __aeabi_ui2d
                0x0000000002009888                __floatsidf
                0x0000000002009888                __aeabi_i2d
                0x00000000020098b0                __aeabi_f2d
                0x00000000020098b0                __extendsfdf2
                0x00000000020098f8                __floatundidf
                0x00000000020098f8                __aeabi_ul2d
                0x000000000200990c                __floatdidf
                0x000000000200990c                __aeabi_l2d
 .text          0x000000000200996c       0x5c c:/devkitpro/devkitarm/bin/../lib/gcc/arm-none-eabi/10.2.0/thumb\libgcc.a(_arm_fixdfsi.o)
                0x000000000200996c                __aeabi_d2iz
                0x000000000200996c                __fixdfsi
 .text          0x00000000020099c8       0xa0 c:/devkitpro/devkitarm/bin/../lib/gcc/arm-none-eabi/10.2.0/thumb\libgcc.a(_arm_truncdfsf2.o)
                0x00000000020099c8                __truncdfsf2
                0x00000000020099c8                __aeabi_d2f
 .text          0x0000000002009a68      0x2ac c:/devkitpro/devkitarm/bin/../lib/gcc/arm-none-eabi/10.2.0/thumb\libgcc.a(_arm_addsubsf3.o)
                0x0000000002009a68                __aeabi_frsub
                0x0000000002009a70                __subsf3
                0x0000000002009a70                __aeabi_fsub
                0x0000000002009a74                __aeabi_fadd
                0x0000000002009a74                __addsf3
                0x0000000002009c30                __aeabi_ui2f
                0x0000000002009c30                __floatunsisf
                0x0000000002009c38                __aeabi_i2f
                0x0000000002009c38                __floatsisf
                0x0000000002009c58                __aeabi_ul2f
                0x0000000002009c58                __floatundisf
                0x0000000002009c68                __aeabi_l2f
                0x0000000002009c68                __floatdisf
 .text          0x0000000002009d14      0x114 c:/devkitpro/devkitarm/bin/../lib/gcc/arm-none-eabi/10.2.0/thumb\libgcc.a(_arm_cmpsf2.o)
                0x0000000002009d14                __gesf2
                0x0000000002009d14                __gtsf2
                0x0000000002009d1c                __lesf2
                0x0000000002009d1c                __ltsf2
                0x0000000002009d24                __nesf2
                0x0000000002009d24                __eqsf2
                0x0000000002009d24                __cmpsf2
                0x0000000002009d88                __aeabi_cfrcmple
                0x0000000002009d98                __aeabi_cfcmpeq
                0x0000000002009d98                __aeabi_cfcmple
                0x0000000002009db0                __aeabi_fcmpeq
                0x0000000002009dc8                __aeabi_fcmplt
                0x0000000002009de0                __aeabi_fcmple
                0x0000000002009df8                __aeabi_fcmpge
                0x0000000002009e10                __aeabi_fcmpgt
 .text          0x0000000002009e28       0x5c c:/devkitpro/devkitarm/bin/../lib/gcc/arm-none-eabi/10.2.0/thumb\libgcc.a(_arm_fixsfsi.o)
                0x0000000002009e28                __aeabi_f2iz
                0x0000000002009e28                __fixsfsi
 .text          0x0000000002009e84       0xd4 c:/devkitpro/devkitarm/bin/../lib/gcc/arm-none-eabi/10.2.0/thumb\libgcc.a(_aeabi_ldivmod.o)
                0x0000000002009e84                __aeabi_ldivmod
 .text          0x0000000002009f58       0x28 c:/devkitpro/devkitarm/bin/../lib/gcc/arm-none-eabi/10.2.0/thumb\libgcc.a(_clzdi2.o)
                0x0000000002009f58                __clzdi2
 .text          0x0000000002009f80       0x48 c:/devkitpro/devkitarm/bin/../lib/gcc/arm-none-eabi/10.2.0/thumb\libgcc.a(_clzsi2.o)
                0x0000000002009f80                __clzsi2
 .text          0x0000000002009fc8      0x224 c:/devkitpro/devkitarm/bin/../lib/gcc/arm-none-eabi/10.2.0/../../../../arm-none-eabi/lib/thumb\libg.a(lib_a-strcmp.o)
                0x0000000002009fc8                strcmp
 .text          0x000000000200a1ec       0x14 c:/devkitpro/devkitarm/bin/../lib/gcc/arm-none-eabi/10.2.0/thumb\libgcc.a(_thumb1_case_uqi.o)
                0x000000000200a1ec                __gnu_thumb1_case_uqi
 .text          0x000000000200a200       0x14 c:/devkitpro/devkitarm/bin/../lib/gcc/arm-none-eabi/10.2.0/thumb\libgcc.a(_thumb1_case_uhi.o)
                0x000000000200a200                __gnu_thumb1_case_uhi
 .text          0x000000000200a214      0x49c c:/devkitpro/devkitarm/bin/../lib/gcc/arm-none-eabi/10.2.0/thumb\libgcc.a(_arm_muldivdf3.o)
                0x000000000200a214                __aeabi_dmul
                0x000000000200a214                __muldf3
                0x000000000200a4a4                __divdf3
                0x000000000200a4a4                __aeabi_ddiv
 .text          0x000000000200a6b0      0x144 c:/devkitpro/devkitarm/bin/../lib/gcc/arm-none-eabi/10.2.0/thumb\libgcc.a(_arm_cmpdf2.o)
                0x000000000200a6b0                __gtdf2
                0x000000000200a6b0                __gedf2
                0x000000000200a6b8                __ltdf2
                0x000000000200a6b8                __ledf2
                0x000000000200a6c0                __nedf2
                0x000000000200a6c0                __eqdf2
                0x000000000200a6c0                __cmpdf2
                0x000000000200a748                __aeabi_cdrcmple
                0x000000000200a764                __aeabi_cdcmpeq
                0x000000000200a764                __aeabi_cdcmple
                0x000000000200a77c                __aeabi_dcmpeq
                0x000000000200a794                __aeabi_dcmplt
                0x000000000200a7ac                __aeabi_dcmple
                0x000000000200a7c4                __aeabi_dcmpge
                0x000000000200a7dc                __aeabi_dcmpgt
 .text          0x000000000200a7f4       0x38 c:/devkitpro/devkitarm/bin/../lib/gcc/arm-none-eabi/10.2.0/thumb\libgcc.a(_arm_unorddf2.o)
                0x000000000200a7f4                __unorddf2
                0x000000000200a7f4                __aeabi_dcmpun
 .text          0x000000000200a82c       0x3c c:/devkitpro/devkitarm/bin/../lib/gcc/arm-none-eabi/10.2.0/thumb\libgcc.a(_aeabi_uldivmod.o)
                0x000000000200a82c                __aeabi_uldivmod
 *(EXCLUDE_FILE(*.twl* *.vectors* *.itcm*) .stub)
 *(EXCLUDE_FILE(*.twl* *.vectors* *.itcm*) .text.*)
 .text.__do_global_dtors_aux
                0x000000000200a868       0x2c c:/devkitpro/devkitarm/bin/../lib/gcc/arm-none-eabi/10.2.0/thumb/crtbegin.o
 .text.frame_dummy
                0x000000000200a894       0x24 c:/devkitpro/devkitarm/bin/../lib/gcc/arm-none-eabi/10.2.0/thumb/crtbegin.o
 .text.startup  0x000000000200a8b8      0x9ec main.o
                0x000000000200a8b8                main
 .text.fatMount.part.0
                0x000000000200b2a4       0xa0 C:/devkitPro/libnds/lib\libfat.a(libfat.o)
 .text.fatMount
                0x000000000200b344       0x3c C:/devkitPro/libnds/lib\libfat.a(libfat.o)
                0x000000000200b344                fatMount
 .text.fatInit  0x000000000200b380      0x130 C:/devkitPro/libnds/lib\libfat.a(libfat.o)
                0x000000000200b380                fatInit
 .text.fatInitDefault
                0x000000000200b4b0        0xc C:/devkitPro/libnds/lib\libfat.a(libfat.o)
                0x000000000200b4b0                fatInitDefault
 .text._FAT_check_position_for_next_cluster.part.0
                0x000000000200b4bc       0x68 C:/devkitPro/libnds/lib\libfat.a(fatfile.o)
 .text._FAT_syncToDisc.part.0
                0x000000000200b524       0xd4 C:/devkitPro/libnds/lib\libfat.a(fatfile.o)
 .text._FAT_file_extend_r
                0x000000000200b5f8      0x208 C:/devkitPro/libnds/lib\libfat.a(fatfile.o)
 .text._FAT_open_r
                0x000000000200b800      0x2d4 C:/devkitPro/libnds/lib\libfat.a(fatfile.o)
                0x000000000200b800                _FAT_open_r
 .text._FAT_close_r
                0x000000000200bad4       0x74 C:/devkitPro/libnds/lib\libfat.a(fatfile.o)
                0x000000000200bad4                _FAT_close_r
 .text._FAT_read_r
                0x000000000200bb48      0x398 C:/devkitPro/libnds/lib\libfat.a(fatfile.o)
                0x000000000200bb48                _FAT_read_r
 .text._FAT_write_r
                0x000000000200bee0      0x53c C:/devkitPro/libnds/lib\libfat.a(fatfile.o)
                0x000000000200bee0                _FAT_write_r
 .text._FAT_seek_r
                0x000000000200c41c      0x194 C:/devkitPro/libnds/lib\libfat.a(fatfile.o)
                0x000000000200c41c                _FAT_seek_r
 .text._FAT_fstat_r
                0x000000000200c5b0       0x8c C:/devkitPro/libnds/lib\libfat.a(fatfile.o)
                0x000000000200c5b0                _FAT_fstat_r
 .text._FAT_ftruncate_r
                0x000000000200c63c      0x16c C:/devkitPro/libnds/lib\libfat.a(fatfile.o)
                0x000000000200c63c                _FAT_ftruncate_r
 .text._FAT_fsync_r
                0x000000000200c7a8       0x44 C:/devkitPro/libnds/lib\libfat.a(fatfile.o)
                0x000000000200c7a8                _FAT_fsync_r
 .text._FAT_cache_getPage
                0x000000000200c7ec       0xf0 C:/devkitPro/libnds/lib\libfat.a(cache.o)
 .text._FAT_cache_constructor
                0x000000000200c8dc       0x90 C:/devkitPro/libnds/lib\libfat.a(cache.o)
                0x000000000200c8dc                _FAT_cache_constructor
 .text._FAT_cache_readSectors
                0x000000000200c96c       0x60 C:/devkitPro/libnds/lib\libfat.a(cache.o)
                0x000000000200c96c                _FAT_cache_readSectors
 .text._FAT_cache_readPartialSector
                0x000000000200c9cc       0x3c C:/devkitPro/libnds/lib\libfat.a(cache.o)
                0x000000000200c9cc                _FAT_cache_readPartialSector
 .text._FAT_cache_readLittleEndianValue
                0x000000000200ca08       0x70 C:/devkitPro/libnds/lib\libfat.a(cache.o)
                0x000000000200ca08                _FAT_cache_readLittleEndianValue
 .text._FAT_cache_writePartialSector
                0x000000000200ca78       0x4c C:/devkitPro/libnds/lib\libfat.a(cache.o)
                0x000000000200ca78                _FAT_cache_writePartialSector
 .text._FAT_cache_writeLittleEndianValue
                0x000000000200cac4       0x8c C:/devkitPro/libnds/lib\libfat.a(cache.o)
                0x000000000200cac4                _FAT_cache_writeLittleEndianValue
 .text._FAT_cache_eraseWritePartialSector
                0x000000000200cb50       0x60 C:/devkitPro/libnds/lib\libfat.a(cache.o)
                0x000000000200cb50                _FAT_cache_eraseWritePartialSector
 .text._FAT_cache_writeSectors
                0x000000000200cbb0       0x80 C:/devkitPro/libnds/lib\libfat.a(cache.o)
                0x000000000200cbb0                _FAT_cache_writeSectors
 .text._FAT_cache_flush
                0x000000000200cc30       0x40 C:/devkitPro/libnds/lib\libfat.a(cache.o)
                0x000000000200cc30                _FAT_cache_flush
 .text._FAT_stat_r
                0x000000000200cc70       0x90 C:/devkitPro/libnds/lib\libfat.a(fatdir.o)
                0x000000000200cc70                _FAT_stat_r
 .text._FAT_link_r
                0x000000000200cd00        0xc C:/devkitPro/libnds/lib\libfat.a(fatdir.o)
                0x000000000200cd00                _FAT_link_r
 .text._FAT_unlink_r
                0x000000000200cd0c      0x184 C:/devkitPro/libnds/lib\libfat.a(fatdir.o)
                0x000000000200cd0c                _FAT_unlink_r
 .text._FAT_chdir_r
                0x000000000200ce90       0x70 C:/devkitPro/libnds/lib\libfat.a(fatdir.o)
                0x000000000200ce90                _FAT_chdir_r
 .text._FAT_rename_r
                0x000000000200cf00      0x1c4 C:/devkitPro/libnds/lib\libfat.a(fatdir.o)
                0x000000000200cf00                _FAT_rename_r
 .text._FAT_mkdir_r
                0x000000000200d0c4      0x244 C:/devkitPro/libnds/lib\libfat.a(fatdir.o)
                0x000000000200d0c4                _FAT_mkdir_r
 .text._FAT_statvfs_r
                0x000000000200d308       0x78 C:/devkitPro/libnds/lib\libfat.a(fatdir.o)
                0x000000000200d308                _FAT_statvfs_r
 .text._FAT_diropen_r
                0x000000000200d380       0xb0 C:/devkitPro/libnds/lib\libfat.a(fatdir.o)
                0x000000000200d380                _FAT_diropen_r
 .text._FAT_dirreset_r
                0x000000000200d430       0x4c C:/devkitPro/libnds/lib\libfat.a(fatdir.o)
                0x000000000200d430                _FAT_dirreset_r
 .text._FAT_dirnext_r
                0x000000000200d47c       0x7c C:/devkitPro/libnds/lib\libfat.a(fatdir.o)
                0x000000000200d47c                _FAT_dirnext_r
 .text._FAT_dirclose_r
                0x000000000200d4f8       0x20 C:/devkitPro/libnds/lib\libfat.a(fatdir.o)
                0x000000000200d4f8                _FAT_dirclose_r
 .text._FAT_directory_entryGetAlias
                0x000000000200d518       0xc8 C:/devkitPro/libnds/lib\libfat.a(directory.o)
 .text._FAT_directory_incrementDirEntryPosition
                0x000000000200d5e0       0x80 C:/devkitPro/libnds/lib\libfat.a(directory.o)
 .text._FAT_directory_mbsncasecmp
                0x000000000200d660       0xa8 C:/devkitPro/libnds/lib\libfat.a(directory.o)
 .text._FAT_directory_ucs2tombs.constprop.0
                0x000000000200d708       0x90 C:/devkitPro/libnds/lib\libfat.a(directory.o)
 .text._FAT_directory_entryGetCluster
                0x000000000200d798       0x20 C:/devkitPro/libnds/lib\libfat.a(directory.o)
                0x000000000200d798                _FAT_directory_entryGetCluster
 .text._FAT_directory_getNextEntry
                0x000000000200d7b8      0x23c C:/devkitPro/libnds/lib\libfat.a(directory.o)
                0x000000000200d7b8                _FAT_directory_getNextEntry
 .text._FAT_directory_entryExists
                0x000000000200d9f4       0x80 C:/devkitPro/libnds/lib\libfat.a(directory.o)
 .text._FAT_directory_getFirstEntry
                0x000000000200da74       0x20 C:/devkitPro/libnds/lib\libfat.a(directory.o)
                0x000000000200da74                _FAT_directory_getFirstEntry
 .text._FAT_directory_getRootEntry
                0x000000000200da94       0x60 C:/devkitPro/libnds/lib\libfat.a(directory.o)
                0x000000000200da94                _FAT_directory_getRootEntry
 .text._FAT_directory_entryFromPosition
                0x000000000200daf4      0x150 C:/devkitPro/libnds/lib\libfat.a(directory.o)
                0x000000000200daf4                _FAT_directory_entryFromPosition
 .text._FAT_directory_entryFromPath
                0x000000000200dc44      0x248 C:/devkitPro/libnds/lib\libfat.a(directory.o)
                0x000000000200dc44                _FAT_directory_entryFromPath
 .text._FAT_directory_removeEntry
                0x000000000200de8c       0xd8 C:/devkitPro/libnds/lib\libfat.a(directory.o)
                0x000000000200de8c                _FAT_directory_removeEntry
 .text._FAT_directory_addEntry
                0x000000000200df64      0x808 C:/devkitPro/libnds/lib\libfat.a(directory.o)
                0x000000000200df64                _FAT_directory_addEntry
 .text._FAT_directory_chdir
                0x000000000200e76c       0x3c C:/devkitPro/libnds/lib\libfat.a(directory.o)
                0x000000000200e76c                _FAT_directory_chdir
 .text._FAT_directory_entryStat
                0x000000000200e7a8       0xe4 C:/devkitPro/libnds/lib\libfat.a(directory.o)
                0x000000000200e7a8                _FAT_directory_entryStat
 .text.isValidMBR
                0x000000000200e88c       0x5c C:/devkitPro/libnds/lib\libfat.a(partition.o)
 .text._FAT_updateFS_INFO
                0x000000000200e8e8       0x54 C:/devkitPro/libnds/lib\libfat.a(partition.o)
 .text.FindFirstValidPartition_buf.part.0
                0x000000000200e93c      0x11c C:/devkitPro/libnds/lib\libfat.a(partition.o)
 .text._FAT_partition_getPartitionFromPath
                0x000000000200ea58       0x10 C:/devkitPro/libnds/lib\libfat.a(partition.o)
                0x000000000200ea58                _FAT_partition_getPartitionFromPath
 .text._FAT_partition_createFSinfo
                0x000000000200ea68       0x50 C:/devkitPro/libnds/lib\libfat.a(partition.o)
                0x000000000200ea68                _FAT_partition_createFSinfo
 .text._FAT_partition_readFSinfo.part.0
                0x000000000200eab8       0x74 C:/devkitPro/libnds/lib\libfat.a(partition.o)
 .text._FAT_partition_constructor_buf
                0x000000000200eb2c      0x2e8 C:/devkitPro/libnds/lib\libfat.a(partition.o)
                0x000000000200eb2c                _FAT_partition_constructor_buf
 .text._FAT_partition_constructor
                0x000000000200ee14       0x40 C:/devkitPro/libnds/lib\libfat.a(partition.o)
                0x000000000200ee14                _FAT_partition_constructor
 .text._FAT_partition_readFSinfo
                0x000000000200ee54       0x10 C:/devkitPro/libnds/lib\libfat.a(partition.o)
                0x000000000200ee54                _FAT_partition_readFSinfo
 .text._FAT_lock_init
                0x000000000200ee64        0x4 C:/devkitPro/libnds/lib\libfat.a(lock.o)
                0x000000000200ee64                _FAT_lock_init
 .text._FAT_lock
                0x000000000200ee68        0x4 C:/devkitPro/libnds/lib\libfat.a(lock.o)
                0x000000000200ee68                _FAT_lock
 .text._FAT_unlock
                0x000000000200ee6c        0x4 C:/devkitPro/libnds/lib\libfat.a(lock.o)
                0x000000000200ee6c                _FAT_unlock
 .text._FAT_filetime_getTimeFromRTC
                0x000000000200ee70       0x44 C:/devkitPro/libnds/lib\libfat.a(filetime.o)
                0x000000000200ee70                _FAT_filetime_getTimeFromRTC
 .text._FAT_filetime_getDateFromRTC
                0x000000000200eeb4       0x44 C:/devkitPro/libnds/lib\libfat.a(filetime.o)
                0x000000000200eeb4                _FAT_filetime_getDateFromRTC
 .text._FAT_filetime_to_time_t
                0x000000000200eef8       0x38 C:/devkitPro/libnds/lib\libfat.a(filetime.o)
                0x000000000200eef8                _FAT_filetime_to_time_t
 .text._FAT_fat_writeFatEntry.part.0.isra.0
                0x000000000200ef30      0x12c C:/devkitPro/libnds/lib\libfat.a(file_allocation_table.o)
 .text._FAT_fat_nextCluster
                0x000000000200f05c      0x108 C:/devkitPro/libnds/lib\libfat.a(file_allocation_table.o)
                0x000000000200f05c                _FAT_fat_nextCluster
 .text._FAT_fat_linkFreeCluster
                0x000000000200f164       0xac C:/devkitPro/libnds/lib\libfat.a(file_allocation_table.o)
                0x000000000200f164                _FAT_fat_linkFreeCluster
 .text._FAT_fat_linkFreeClusterCleared
                0x000000000200f210       0x68 C:/devkitPro/libnds/lib\libfat.a(file_allocation_table.o)
                0x000000000200f210                _FAT_fat_linkFreeClusterCleared
 .text._FAT_fat_clearLinks
                0x000000000200f278       0x7c C:/devkitPro/libnds/lib\libfat.a(file_allocation_table.o)
                0x000000000200f278                _FAT_fat_clearLinks
 .text._FAT_fat_trimChain
                0x000000000200f2f4       0x80 C:/devkitPro/libnds/lib\libfat.a(file_allocation_table.o)
                0x000000000200f2f4                _FAT_fat_trimChain
 .text._FAT_fat_lastCluster
                0x000000000200f374       0x34 C:/devkitPro/libnds/lib\libfat.a(file_allocation_table.o)
                0x000000000200f374                _FAT_fat_lastCluster
 .text._FAT_fat_freeClusterCount
                0x000000000200f3a8       0x2c C:/devkitPro/libnds/lib\libfat.a(file_allocation_table.o)
                0x000000000200f3a8                _FAT_fat_freeClusterCount
 .text.nitroFSDirClose
                0x000000000200f3d4        0x4 C:/devkitPro/libnds/lib\libfilesystem.a(nitrofs.o)
 .text.nitroFSSeek
                0x000000000200f3d8       0x78 C:/devkitPro/libnds/lib\libfilesystem.a(nitrofs.o)
 .text.nitroFSFstat
                0x000000000200f450       0x10 C:/devkitPro/libnds/lib\libfilesystem.a(nitrofs.o)
 .text.nitroSubReadBlock
                0x000000000200f460       0x54 C:/devkitPro/libnds/lib\libfilesystem.a(nitrofs.o)
 .text.nitroSubReadCard
                0x000000000200f4b4       0xb0 C:/devkitPro/libnds/lib\libfilesystem.a(nitrofs.o)
 .text.nitroFSClose
                0x000000000200f564        0x4 C:/devkitPro/libnds/lib\libfilesystem.a(nitrofs.o)
 .text.nitroDirReset
                0x000000000200f568       0x9c C:/devkitPro/libnds/lib\libfilesystem.a(nitrofs.o)
 .text.nitroFSRead
                0x000000000200f604       0xbc C:/devkitPro/libnds/lib\libfilesystem.a(nitrofs.o)
 .text.nitroFSDirNext
                0x000000000200f6c0      0x30c C:/devkitPro/libnds/lib\libfilesystem.a(nitrofs.o)
 .text.nitroFSDirOpen
                0x000000000200f9cc       0xe0 C:/devkitPro/libnds/lib\libfilesystem.a(nitrofs.o)
 .text.nitroFSChdir
                0x000000000200faac       0x30 C:/devkitPro/libnds/lib\libfilesystem.a(nitrofs.o)
 .text.nitroFSOpen
                0x000000000200fadc       0xc4 C:/devkitPro/libnds/lib\libfilesystem.a(nitrofs.o)
 .text.nitroFSstat
                0x000000000200fba0       0x68 C:/devkitPro/libnds/lib\libfilesystem.a(nitrofs.o)
 .text.nitroFSInit
                0x000000000200fc08      0x12c C:/devkitPro/libnds/lib\libfilesystem.a(nitrofs.o)
                0x000000000200fc08                nitroFSInit
 .text.setBrightness
                0x000000000200fd34       0x40 C:/devkitPro/libnds/lib\libnds9.a(video.o)
                0x000000000200fd34                setBrightness
 .text.vramDefault
                0x000000000200fd74       0xd0 C:/devkitPro/libnds/lib\libnds9.a(video.o)
                0x000000000200fd74                vramDefault
 .text.touchRead
                0x000000000200fe44       0x24 C:/devkitPro/libnds/lib\libnds9.a(touch.o)
                0x000000000200fe44                touchRead
 .text.newRow   0x000000000200fe68       0xb0 C:/devkitPro/libnds/lib\libnds9.a(console.o)
 .text.consolePrintChar
                0x000000000200ff18       0xec C:/devkitPro/libnds/lib\libnds9.a(console.o)
                0x000000000200ff18                consolePrintChar
 .text.con_write
                0x0000000002010004      0x374 C:/devkitPro/libnds/lib\libnds9.a(console.o)
                0x0000000002010004                con_write
 .text.consoleLoadFont
                0x0000000002010378      0x2a8 C:/devkitPro/libnds/lib\libnds9.a(console.o)
                0x0000000002010378                consoleLoadFont
 .text.consoleInit
                0x0000000002010620      0x194 C:/devkitPro/libnds/lib\libnds9.a(console.o)
                0x0000000002010620                consoleInit
 .text.consoleDemoInit
                0x00000000020107b4       0x40 C:/devkitPro/libnds/lib\libnds9.a(console.o)
                0x00000000020107b4                consoleDemoInit
 .text.consoleClear
                0x00000000020107f4       0x10 C:/devkitPro/libnds/lib\libnds9.a(console.o)
                0x00000000020107f4                consoleClear
 .text.oamInit  0x0000000002010804      0x118 C:/devkitPro/libnds/lib\libnds9.a(sprite.o)
                0x0000000002010804                oamInit
 .text.oamGfxPtrToOffset
                0x000000000201091c       0x34 C:/devkitPro/libnds/lib\libnds9.a(sprite.o)
                0x000000000201091c                oamGfxPtrToOffset
 .text.oamSet   0x0000000002010950      0x11c C:/devkitPro/libnds/lib\libnds9.a(sprite.o)
                0x0000000002010950                oamSet
 .text.oamUpdate
                0x0000000002010a6c       0x60 C:/devkitPro/libnds/lib\libnds9.a(sprite.o)
                0x0000000002010a6c                oamUpdate
 .text.oamRotateScale
                0x0000000002010acc       0x4c C:/devkitPro/libnds/lib\libnds9.a(sprite.o)
                0x0000000002010acc                oamRotateScale
 .text.scanKeys
                0x0000000002010b18       0x8c C:/devkitPro/libnds/lib\libnds9.a(keys.o)
                0x0000000002010b18                scanKeys
 .text.keysDown
                0x0000000002010ba4       0x14 C:/devkitPro/libnds/lib\libnds9.a(keys.o)
                0x0000000002010ba4                keysDown
 .text.dldiGetInternal
                0x0000000002010bb8       0x34 C:/devkitPro/libnds/lib\libnds9.a(dldi.o)
                0x0000000002010bb8                dldiGetInternal
 .text.get_io_dsisd
                0x0000000002010bec       0x24 C:/devkitPro/libnds/lib\libnds9.a(dldi.o)
                0x0000000002010bec                get_io_dsisd
 .text.initSystem
                0x0000000002010c10      0x198 C:/devkitPro/libnds/lib\libnds9.a(initSystem.o)
                0x0000000002010c10                initSystem
 .text.__libnds_gtod
                0x0000000002010da8       0x28 C:/devkitPro/libnds/lib\libnds9.a(timeSupport.o)
                0x0000000002010da8                __libnds_gtod
 .text.irqDummy
                0x0000000002010dd0        0x4 C:/devkitPro/libnds/lib\libnds9.a(interrupts.o)
                0x0000000002010dd0                irqDummy
 .text.irqSet   0x0000000002010dd4       0x6c C:/devkitPro/libnds/lib\libnds9.a(interrupts.o)
                0x0000000002010dd4                irqSet
 .text.irqInit  0x0000000002010e40       0x50 C:/devkitPro/libnds/lib\libnds9.a(interrupts.o)
                0x0000000002010e40                irqInit
 .text.irqEnable
                0x0000000002010e90       0x64 C:/devkitPro/libnds/lib\libnds9.a(interrupts.o)
                0x0000000002010e90                irqEnable
 .text.systemErrorExit
                0x0000000002010ef4        0x4 C:/devkitPro/libnds/lib\libnds9.a(libnds_exit.arm.o)
                0x0000000002010ef4                systemErrorExit
 .text.__libnds_exit
                0x0000000002010ef8       0x5c C:/devkitPro/libnds/lib\libnds9.a(libnds_exit.arm.o)
                0x0000000002010ef8                __libnds_exit
 .text.cardPolledTransfer
                0x0000000002010f54       0x54 C:/devkitPro/libnds/lib\libnds9.a(card.o)
                0x0000000002010f54                cardPolledTransfer
 .text.cardParamCommand
                0x0000000002010fa8       0x34 C:/devkitPro/libnds/lib\libnds9.a(card.o)
                0x0000000002010fa8                cardParamCommand
 .text.fifo_queueBlock
                0x0000000002010fdc       0x44 C:/devkitPro/libnds/lib\libnds9.a(fifosystem.o)
 .text.fifo_waitBlock
                0x0000000002011020       0x80 C:/devkitPro/libnds/lib\libnds9.a(fifosystem.o)
 .text.fifoInternalSend.part.0
                0x00000000020110a0       0xd4 C:/devkitPro/libnds/lib\libnds9.a(fifosystem.o)
 .text.fifoInternalSendInterrupt
                0x0000000002011174       0xa8 C:/devkitPro/libnds/lib\libnds9.a(fifosystem.o)
 .text.fifoSetValue32Handler
                0x000000000201121c       0xd8 C:/devkitPro/libnds/lib\libnds9.a(fifosystem.o)
                0x000000000201121c                fifoSetValue32Handler
 .text.fifoSendValue32
                0x00000000020112f4       0x4c C:/devkitPro/libnds/lib\libnds9.a(fifosystem.o)
                0x00000000020112f4                fifoSendValue32
 .text.fifoSendDatamsg
                0x0000000002011340       0x90 C:/devkitPro/libnds/lib\libnds9.a(fifosystem.o)
                0x0000000002011340                fifoSendDatamsg
 .text.fifoGetValue32
                0x00000000020113d0       0x70 C:/devkitPro/libnds/lib\libnds9.a(fifosystem.o)
                0x00000000020113d0                fifoGetValue32
 .text.fifoGetDatamsg
                0x0000000002011440       0xf4 C:/devkitPro/libnds/lib\libnds9.a(fifosystem.o)
                0x0000000002011440                fifoGetDatamsg
 .text.fifoInternalRecvInterrupt
                0x0000000002011534      0x380 C:/devkitPro/libnds/lib\libnds9.a(fifosystem.o)
 .text.fifoSetDatamsgHandler
                0x00000000020118b4       0x9c C:/devkitPro/libnds/lib\libnds9.a(fifosystem.o)
                0x00000000020118b4                fifoSetDatamsgHandler
 .text.fifoCheckValue32
                0x0000000002011950       0x24 C:/devkitPro/libnds/lib\libnds9.a(fifosystem.o)
                0x0000000002011950                fifoCheckValue32
 .text.fifoInit
                0x0000000002011974       0xf8 C:/devkitPro/libnds/lib\libnds9.a(fifosystem.o)
                0x0000000002011974                fifoInit
 .text.DC_FlushRange
                0x0000000002011a6c       0x24 C:/devkitPro/libnds/lib\libnds9.a(dcache.o)
                0x0000000002011a6c                DC_FlushRange
 .text.DC_InvalidateRange
                0x0000000002011a90       0x2c C:/devkitPro/libnds/lib\libnds9.a(dcache.o)
                0x0000000002011a90                DC_InvalidateRange
 .text.__libnds_mpu_setup
                0x0000000002011abc      0x174 C:/devkitPro/libnds/lib\libnds9.a(mpu_setup.o)
                0x0000000002011abc                __libnds_mpu_setup
 .text.memUncached
                0x0000000002011c30       0x20 C:/devkitPro/libnds/lib\libnds9.a(mpu_setup.o)
                0x0000000002011c30                memUncached
 .text.swiWaitForVBlank
                0x0000000002011c50        0x8 C:/devkitPro/libnds/lib\libnds9.a(IntrWait.o)
                0x0000000002011c50                swiWaitForVBlank
 .text.swiIntrWait
                0x0000000002011c58       0x70 C:/devkitPro/libnds/lib\libnds9.a(IntrWait.o)
                0x0000000002011c58                swiIntrWait
 .text.setCpuClock
                0x0000000002011cc8       0x50 C:/devkitPro/libnds/lib\libnds9.a(cpu_clock.o)
                0x0000000002011cc8                setCpuClock
 .text.swiSoftReset
                0x0000000002011d18       0x2c C:/devkitPro/libnds/lib\libnds9.a(swiSoftReset.o)
                0x0000000002011d18                swiSoftReset
 .text.swiDelay
                0x0000000002011d44        0x4 C:/devkitPro/libnds/lib\libnds9.a(biosCalls.o)
                0x0000000002011d44                swiDelay
 .text.checkIfText
                0x0000000002011d48       0x5c C:/devkitPro/libnds/lib\libnds9.a(background.o)
                0x0000000002011d48                checkIfText
 .text.bgUpdate
                0x0000000002011da4       0xf4 C:/devkitPro/libnds/lib\libnds9.a(background.o)
                0x0000000002011da4                bgUpdate
 .text.bgInit_call
                0x0000000002011e98       0xc4 C:/devkitPro/libnds/lib\libnds9.a(background.o)
                0x0000000002011e98                bgInit_call
 .text.bgInitSub_call
                0x0000000002011f5c       0xcc C:/devkitPro/libnds/lib\libnds9.a(background.o)
                0x0000000002011f5c                bgInitSub_call
 .text.oamAllocReset
                0x0000000002012028       0x1c C:/devkitPro/libnds/lib\libnds9.a(sprite_alloc.o)
                0x0000000002012028                oamAllocReset
 .text.systemValueHandler
                0x0000000002012044       0x48 C:/devkitPro/libnds/lib\libnds9.a(system.o)
                0x0000000002012044                systemValueHandler
 .text.systemMsgHandler
                0x000000000201208c       0x60 C:/devkitPro/libnds/lib\libnds9.a(system.o)
                0x000000000201208c                systemMsgHandler
 .text.powerOn  0x00000000020120ec       0x2c C:/devkitPro/libnds/lib\libnds9.a(system.o)
                0x00000000020120ec                powerOn
 .text.sinLutLookup
                0x0000000002012118       0x38 C:/devkitPro/libnds/lib\libnds9.a(trig.o)
                0x0000000002012118                sinLutLookup
 .text.sinLerp  0x0000000002012150       0x40 C:/devkitPro/libnds/lib\libnds9.a(trig.o)
                0x0000000002012150                sinLerp
 .text.cosLerp  0x0000000002012190       0x4c C:/devkitPro/libnds/lib\libnds9.a(trig.o)
                0x0000000002012190                cosLerp
 .text.sinf     0x00000000020121dc       0x7c c:/devkitpro/devkitarm/bin/../lib/gcc/arm-none-eabi/10.2.0/../../../../arm-none-eabi/lib/thumb\libm.a(lib_a-sf_sin.o)
                0x00000000020121dc                sinf
 .text.__ieee754_rem_pio2f
                0x0000000002012258      0x2fc c:/devkitpro/devkitarm/bin/../lib/gcc/arm-none-eabi/10.2.0/../../../../arm-none-eabi/lib/thumb\libm.a(lib_a-ef_rem_pio2.o)
                0x0000000002012258                __ieee754_rem_pio2f
 .text.__kernel_cosf
                0x0000000002012554      0x194 c:/devkitpro/devkitarm/bin/../lib/gcc/arm-none-eabi/10.2.0/../../../../arm-none-eabi/lib/thumb\libm.a(lib_a-kf_cos.o)
                0x0000000002012554                __kernel_cosf
 .text.__kernel_rem_pio2f
                0x00000000020126e8      0x758 c:/devkitpro/devkitarm/bin/../lib/gcc/arm-none-eabi/10.2.0/../../../../arm-none-eabi/lib/thumb\libm.a(lib_a-kf_rem_pio2.o)
                0x00000000020126e8                __kernel_rem_pio2f
 .text.__kernel_sinf
                0x0000000002012e40       0xf4 c:/devkitpro/devkitarm/bin/../lib/gcc/arm-none-eabi/10.2.0/../../../../arm-none-eabi/lib/thumb\libm.a(lib_a-kf_sin.o)
                0x0000000002012e40                __kernel_sinf
 .text.fabsf    0x0000000002012f34        0x8 c:/devkitpro/devkitarm/bin/../lib/gcc/arm-none-eabi/10.2.0/../../../../arm-none-eabi/lib/thumb\libm.a(lib_a-sf_fabs.o)
                0x0000000002012f34                fabsf
 .text.floorf   0x0000000002012f3c       0x9c c:/devkitpro/devkitarm/bin/../lib/gcc/arm-none-eabi/10.2.0/../../../../arm-none-eabi/lib/thumb\libm.a(lib_a-sf_floor.o)
                0x0000000002012f3c                floorf
 .text.scalbnf  0x0000000002012fd8       0xc0 c:/devkitpro/devkitarm/bin/../lib/gcc/arm-none-eabi/10.2.0/../../../../arm-none-eabi/lib/thumb\libm.a(lib_a-sf_scalbn.o)
                0x0000000002012fd8                scalbnf
 .text.__muldi3
                0x0000000002013098       0x54 c:/devkitpro/devkitarm/bin/../lib/gcc/arm-none-eabi/10.2.0/thumb\libgcc.a(_muldi3.o)
                0x0000000002013098                __muldi3
                0x0000000002013098                __aeabi_lmul
 .text.__udivmoddi4
                0x00000000020130ec      0x19c c:/devkitpro/devkitarm/bin/../lib/gcc/arm-none-eabi/10.2.0/thumb\libgcc.a(_udivmoddi4.o)
                0x00000000020130ec                __udivmoddi4
 .text.calloc   0x0000000002013288       0x18 c:/devkitpro/devkitarm/bin/../lib/gcc/arm-none-eabi/10.2.0/../../../../arm-none-eabi/lib/thumb\libg.a(lib_a-calloc.o)
                0x0000000002013288                calloc
 .text._calloc_r
                0x00000000020132a0       0x60 c:/devkitpro/devkitarm/bin/../lib/gcc/arm-none-eabi/10.2.0/../../../../arm-none-eabi/lib/thumb\libg.a(lib_a-callocr.o)
                0x00000000020132a0                _calloc_r
 .text._fclose_r
                0x0000000002013300       0xe8 c:/devkitpro/devkitarm/bin/../lib/gcc/arm-none-eabi/10.2.0/../../../../arm-none-eabi/lib/thumb\libg.a(lib_a-fclose.o)
                0x0000000002013300                _fclose_r
 .text.fclose   0x00000000020133e8       0x14 c:/devkitpro/devkitarm/bin/../lib/gcc/arm-none-eabi/10.2.0/../../../../arm-none-eabi/lib/thumb\libg.a(lib_a-fclose.o)
                0x00000000020133e8                fclose
 .text.__sflush_r
                0x00000000020133fc      0x1c0 c:/devkitpro/devkitarm/bin/../lib/gcc/arm-none-eabi/10.2.0/../../../../arm-none-eabi/lib/thumb\libg.a(lib_a-fflush.o)
                0x00000000020133fc                __sflush_r
 .text._fflush_r
                0x00000000020135bc       0x70 c:/devkitpro/devkitarm/bin/../lib/gcc/arm-none-eabi/10.2.0/../../../../arm-none-eabi/lib/thumb\libg.a(lib_a-fflush.o)
                0x00000000020135bc                _fflush_r
 .text.fflush   0x000000000201362c       0x2c c:/devkitpro/devkitarm/bin/../lib/gcc/arm-none-eabi/10.2.0/../../../../arm-none-eabi/lib/thumb\libg.a(lib_a-fflush.o)
                0x000000000201362c                fflush
 .text._cleanup_r
                0x0000000002013658       0x14 c:/devkitpro/devkitarm/bin/../lib/gcc/arm-none-eabi/10.2.0/../../../../arm-none-eabi/lib/thumb\libg.a(lib_a-findfp.o)
                0x0000000002013658                _cleanup_r
 .text.__sinit  0x000000000201366c      0x124 c:/devkitpro/devkitarm/bin/../lib/gcc/arm-none-eabi/10.2.0/../../../../arm-none-eabi/lib/thumb\libg.a(lib_a-findfp.o)
                0x000000000201366c                __sinit
 .text.__sfp    0x0000000002013790       0xdc c:/devkitpro/devkitarm/bin/../lib/gcc/arm-none-eabi/10.2.0/../../../../arm-none-eabi/lib/thumb\libg.a(lib_a-findfp.o)
                0x0000000002013790                __sfp
 .text.__sfp_lock_acquire
                0x000000000201386c       0x14 c:/devkitpro/devkitarm/bin/../lib/gcc/arm-none-eabi/10.2.0/../../../../arm-none-eabi/lib/thumb\libg.a(lib_a-findfp.o)
                0x000000000201386c                __sfp_lock_acquire
 .text.__sfp_lock_release
                0x0000000002013880       0x14 c:/devkitpro/devkitarm/bin/../lib/gcc/arm-none-eabi/10.2.0/../../../../arm-none-eabi/lib/thumb\libg.a(lib_a-findfp.o)
                0x0000000002013880                __sfp_lock_release
 .text._fopen_r
                0x0000000002013894       0xb8 c:/devkitpro/devkitarm/bin/../lib/gcc/arm-none-eabi/10.2.0/../../../../arm-none-eabi/lib/thumb\libg.a(lib_a-fopen.o)
                0x0000000002013894                _fopen_r
 .text.fopen    0x000000000201394c       0x18 c:/devkitpro/devkitarm/bin/../lib/gcc/arm-none-eabi/10.2.0/../../../../arm-none-eabi/lib/thumb\libg.a(lib_a-fopen.o)
                0x000000000201394c                fopen
 .text._fread_r
                0x0000000002013964      0x1f0 c:/devkitpro/devkitarm/bin/../lib/gcc/arm-none-eabi/10.2.0/../../../../arm-none-eabi/lib/thumb\libg.a(lib_a-fread.o)
                0x0000000002013964                _fread_r
 .text.fread    0x0000000002013b54       0x24 c:/devkitpro/devkitarm/bin/../lib/gcc/arm-none-eabi/10.2.0/../../../../arm-none-eabi/lib/thumb\libg.a(lib_a-fread.o)
                0x0000000002013b54                fread
 .text._malloc_trim_r
                0x0000000002013b78       0xa0 c:/devkitpro/devkitarm/bin/../lib/gcc/arm-none-eabi/10.2.0/../../../../arm-none-eabi/lib/thumb\libg.a(lib_a-freer.o)
                0x0000000002013b78                _malloc_trim_r
 .text._free_r  0x0000000002013c18      0x1e0 c:/devkitpro/devkitarm/bin/../lib/gcc/arm-none-eabi/10.2.0/../../../../arm-none-eabi/lib/thumb\libg.a(lib_a-freer.o)
                0x0000000002013c18                _free_r
 .text._fseek_r
                0x0000000002013df8       0x18 c:/devkitpro/devkitarm/bin/../lib/gcc/arm-none-eabi/10.2.0/../../../../arm-none-eabi/lib/thumb\libg.a(lib_a-fseek.o)
                0x0000000002013df8                _fseek_r
 .text.fseek    0x0000000002013e10       0x24 c:/devkitpro/devkitarm/bin/../lib/gcc/arm-none-eabi/10.2.0/../../../../arm-none-eabi/lib/thumb\libg.a(lib_a-fseek.o)
                0x0000000002013e10                fseek
 .text._fseeko_r
                0x0000000002013e34      0x39c c:/devkitpro/devkitarm/bin/../lib/gcc/arm-none-eabi/10.2.0/../../../../arm-none-eabi/lib/thumb\libg.a(lib_a-fseeko.o)
                0x0000000002013e34                _fseeko_r
 .text.ftell    0x00000000020141d0       0x24 c:/devkitpro/devkitarm/bin/../lib/gcc/arm-none-eabi/10.2.0/../../../../arm-none-eabi/lib/thumb\libg.a(lib_a-ftell.o)
                0x00000000020141d0                ftell
 .text._ftello_r
                0x00000000020141f4      0x118 c:/devkitpro/devkitarm/bin/../lib/gcc/arm-none-eabi/10.2.0/../../../../arm-none-eabi/lib/thumb\libg.a(lib_a-ftello.o)
                0x00000000020141f4                _ftello_r
 .text._fwalk   0x000000000201430c       0x48 c:/devkitpro/devkitarm/bin/../lib/gcc/arm-none-eabi/10.2.0/../../../../arm-none-eabi/lib/thumb\libg.a(lib_a-fwalk.o)
                0x000000000201430c                _fwalk
 .text._fwalk_reent
                0x0000000002014354       0x50 c:/devkitpro/devkitarm/bin/../lib/gcc/arm-none-eabi/10.2.0/../../../../arm-none-eabi/lib/thumb\libg.a(lib_a-fwalk.o)
                0x0000000002014354                _fwalk_reent
 .text._fwrite_r
                0x00000000020143a4       0x94 c:/devkitpro/devkitarm/bin/../lib/gcc/arm-none-eabi/10.2.0/../../../../arm-none-eabi/lib/thumb\libg.a(lib_a-fwrite.o)
                0x00000000020143a4                _fwrite_r
 .text.fwrite   0x0000000002014438       0x24 c:/devkitpro/devkitarm/bin/../lib/gcc/arm-none-eabi/10.2.0/../../../../arm-none-eabi/lib/thumb\libg.a(lib_a-fwrite.o)
                0x0000000002014438                fwrite
 .text.__libc_init_array
                0x000000000201445c       0x50 c:/devkitpro/devkitarm/bin/../lib/gcc/arm-none-eabi/10.2.0/../../../../arm-none-eabi/lib/thumb\libg.a(lib_a-init.o)
                0x000000000201445c                __libc_init_array
 .text.iprintf  0x00000000020144ac       0x24 c:/devkitpro/devkitarm/bin/../lib/gcc/arm-none-eabi/10.2.0/../../../../arm-none-eabi/lib/thumb\libg.a(lib_a-iprintf.o)
                0x00000000020144ac                iprintf
 .text.localtime_r
                0x00000000020144d0      0x244 c:/devkitpro/devkitarm/bin/../lib/gcc/arm-none-eabi/10.2.0/../../../../arm-none-eabi/lib/thumb\libg.a(lib_a-lcltime_r.o)
                0x00000000020144d0                localtime_r
 .text.__locale_mb_cur_max
                0x0000000002014714       0x10 c:/devkitpro/devkitarm/bin/../lib/gcc/arm-none-eabi/10.2.0/../../../../arm-none-eabi/lib/thumb\libg.a(lib_a-locale.o)
                0x0000000002014714                __locale_mb_cur_max
 .text.__smakebuf_r
                0x0000000002014724       0xec c:/devkitpro/devkitarm/bin/../lib/gcc/arm-none-eabi/10.2.0/../../../../arm-none-eabi/lib/thumb\libg.a(lib_a-makebuf.o)
                0x0000000002014724                __smakebuf_r
 .text.__swhatbuf_r
                0x0000000002014810       0x64 c:/devkitpro/devkitarm/bin/../lib/gcc/arm-none-eabi/10.2.0/../../../../arm-none-eabi/lib/thumb\libg.a(lib_a-makebuf.o)
                0x0000000002014810                __swhatbuf_r
 .text.malloc   0x0000000002014874       0x14 c:/devkitpro/devkitarm/bin/../lib/gcc/arm-none-eabi/10.2.0/../../../../arm-none-eabi/lib/thumb\libg.a(lib_a-malloc.o)
                0x0000000002014874                malloc
 .text.free     0x0000000002014888       0x14 c:/devkitpro/devkitarm/bin/../lib/gcc/arm-none-eabi/10.2.0/../../../../arm-none-eabi/lib/thumb\libg.a(lib_a-malloc.o)
                0x0000000002014888                free
 .text._malloc_r
                0x000000000201489c      0x59c c:/devkitpro/devkitarm/bin/../lib/gcc/arm-none-eabi/10.2.0/../../../../arm-none-eabi/lib/thumb\libg.a(lib_a-mallocr.o)
                0x000000000201489c                _malloc_r
 .text._mbrtowc_r
                0x0000000002014e38       0x60 c:/devkitpro/devkitarm/bin/../lib/gcc/arm-none-eabi/10.2.0/../../../../arm-none-eabi/lib/thumb\libg.a(lib_a-mbrtowc.o)
                0x0000000002014e38                _mbrtowc_r
 .text.mbrtowc  0x0000000002014e98       0x80 c:/devkitpro/devkitarm/bin/../lib/gcc/arm-none-eabi/10.2.0/../../../../arm-none-eabi/lib/thumb\libg.a(lib_a-mbrtowc.o)
                0x0000000002014e98                mbrtowc
 .text.mbsrtowcs
                0x0000000002014f18       0x28 c:/devkitpro/devkitarm/bin/../lib/gcc/arm-none-eabi/10.2.0/../../../../arm-none-eabi/lib/thumb\libg.a(lib_a-mbsrtowcs.o)
                0x0000000002014f18                mbsrtowcs
 .text.__utf8_mbtowc
                0x0000000002014f40      0x280 c:/devkitpro/devkitarm/bin/../lib/gcc/arm-none-eabi/10.2.0/../../../../arm-none-eabi/lib/thumb\libg.a(lib_a-mbtowc_r.o)
                0x0000000002014f40                __utf8_mbtowc
 .text.memcmp   0x00000000020151c0       0x4c c:/devkitpro/devkitarm/bin/../lib/gcc/arm-none-eabi/10.2.0/../../../../arm-none-eabi/lib/thumb\libg.a(lib_a-memcmp.o)
                0x00000000020151c0                memcmp
 .text.memcpy   0x000000000201520c       0xa8 c:/devkitpro/devkitarm/bin/../lib/gcc/arm-none-eabi/10.2.0/../../../../arm-none-eabi/lib/thumb\libg.a(lib_a-memcpy-stub.o)
                0x000000000201520c                memcpy
 .text.memmove  0x00000000020152b4       0xbc c:/devkitpro/devkitarm/bin/../lib/gcc/arm-none-eabi/10.2.0/../../../../arm-none-eabi/lib/thumb\libg.a(lib_a-memmove.o)
                0x00000000020152b4                memmove
 .text.memset   0x0000000002015370       0xb0 c:/devkitpro/devkitarm/bin/../lib/gcc/arm-none-eabi/10.2.0/../../../../arm-none-eabi/lib/thumb\libg.a(lib_a-memset.o)
                0x0000000002015370                memset
 .text.validate_structure
                0x0000000002015420      0x1e8 c:/devkitpro/devkitarm/bin/../lib/gcc/arm-none-eabi/10.2.0/../../../../arm-none-eabi/lib/thumb\libg.a(lib_a-mktime.o)
 .text.mktime   0x0000000002015608      0x450 c:/devkitpro/devkitarm/bin/../lib/gcc/arm-none-eabi/10.2.0/../../../../arm-none-eabi/lib/thumb\libg.a(lib_a-mktime.o)
                0x0000000002015608                mktime
 .text.__malloc_lock
                0x0000000002015a58       0x14 c:/devkitpro/devkitarm/bin/../lib/gcc/arm-none-eabi/10.2.0/../../../../arm-none-eabi/lib/thumb\libg.a(lib_a-mlock.o)
                0x0000000002015a58                __malloc_lock
 .text.__malloc_unlock
                0x0000000002015a6c       0x14 c:/devkitpro/devkitarm/bin/../lib/gcc/arm-none-eabi/10.2.0/../../../../arm-none-eabi/lib/thumb\libg.a(lib_a-mlock.o)
                0x0000000002015a6c                __malloc_unlock
 .text.srand    0x0000000002015a80       0x18 c:/devkitpro/devkitarm/bin/../lib/gcc/arm-none-eabi/10.2.0/../../../../arm-none-eabi/lib/thumb\libg.a(lib_a-rand.o)
                0x0000000002015a80                srand
 .text.rand     0x0000000002015a98       0x34 c:/devkitpro/devkitarm/bin/../lib/gcc/arm-none-eabi/10.2.0/../../../../arm-none-eabi/lib/thumb\libg.a(lib_a-rand.o)
                0x0000000002015a98                rand
 .text.realloc  0x0000000002015acc       0x18 c:/devkitpro/devkitarm/bin/../lib/gcc/arm-none-eabi/10.2.0/../../../../arm-none-eabi/lib/thumb\libg.a(lib_a-realloc.o)
                0x0000000002015acc                realloc
 .text._realloc_r
                0x0000000002015ae4      0x38c c:/devkitpro/devkitarm/bin/../lib/gcc/arm-none-eabi/10.2.0/../../../../arm-none-eabi/lib/thumb\libg.a(lib_a-reallocr.o)
                0x0000000002015ae4                _realloc_r
 .text.lflush   0x0000000002015e70       0x20 c:/devkitpro/devkitarm/bin/../lib/gcc/arm-none-eabi/10.2.0/../../../../arm-none-eabi/lib/thumb\libg.a(lib_a-refill.o)
 .text.__srefill_r
                0x0000000002015e90      0x118 c:/devkitpro/devkitarm/bin/../lib/gcc/arm-none-eabi/10.2.0/../../../../arm-none-eabi/lib/thumb\libg.a(lib_a-refill.o)
                0x0000000002015e90                __srefill_r
 .text.rewind   0x0000000002015fa8       0x20 c:/devkitpro/devkitarm/bin/../lib/gcc/arm-none-eabi/10.2.0/../../../../arm-none-eabi/lib/thumb\libg.a(lib_a-rewind.o)
                0x0000000002015fa8                rewind
 .text.setvbuf  0x0000000002015fc8      0x1ac c:/devkitpro/devkitarm/bin/../lib/gcc/arm-none-eabi/10.2.0/../../../../arm-none-eabi/lib/thumb\libg.a(lib_a-setvbuf.o)
                0x0000000002015fc8                setvbuf
 .text.siscanf  0x0000000002016174       0x4c c:/devkitpro/devkitarm/bin/../lib/gcc/arm-none-eabi/10.2.0/../../../../arm-none-eabi/lib/thumb\libg.a(lib_a-siscanf.o)
                0x0000000002016174                siscanf
 .text.sprintf  0x00000000020161c0       0x40 c:/devkitpro/devkitarm/bin/../lib/gcc/arm-none-eabi/10.2.0/../../../../arm-none-eabi/lib/thumb\libg.a(lib_a-sprintf.o)
                0x00000000020161c0                sprintf
 .text.__sread  0x0000000002016200       0x34 c:/devkitpro/devkitarm/bin/../lib/gcc/arm-none-eabi/10.2.0/../../../../arm-none-eabi/lib/thumb\libg.a(lib_a-stdio.o)
                0x0000000002016200                __sread
 .text.__seofread
                0x0000000002016234        0x4 c:/devkitpro/devkitarm/bin/../lib/gcc/arm-none-eabi/10.2.0/../../../../arm-none-eabi/lib/thumb\libg.a(lib_a-stdio.o)
                0x0000000002016234                __seofread
 .text.__swrite
                0x0000000002016238       0x54 c:/devkitpro/devkitarm/bin/../lib/gcc/arm-none-eabi/10.2.0/../../../../arm-none-eabi/lib/thumb\libg.a(lib_a-stdio.o)
                0x0000000002016238                __swrite
 .text.__sseek  0x000000000201628c       0x40 c:/devkitpro/devkitarm/bin/../lib/gcc/arm-none-eabi/10.2.0/../../../../arm-none-eabi/lib/thumb\libg.a(lib_a-stdio.o)
                0x000000000201628c                __sseek
 .text.__sclose
                0x00000000020162cc       0x10 c:/devkitpro/devkitarm/bin/../lib/gcc/arm-none-eabi/10.2.0/../../../../arm-none-eabi/lib/thumb\libg.a(lib_a-stdio.o)
                0x00000000020162cc                __sclose
 .text.stpcpy   0x00000000020162dc       0x50 c:/devkitpro/devkitarm/bin/../lib/gcc/arm-none-eabi/10.2.0/../../../../arm-none-eabi/lib/thumb\libg.a(lib_a-stpcpy.o)
                0x00000000020162dc                stpcpy
 .text.strcasecmp
                0x000000000201632c       0x48 c:/devkitpro/devkitarm/bin/../lib/gcc/arm-none-eabi/10.2.0/../../../../arm-none-eabi/lib/thumb\libg.a(lib_a-strcasecmp.o)
                0x000000000201632c                strcasecmp
 .text.strchr   0x0000000002016374       0xc8 c:/devkitpro/devkitarm/bin/../lib/gcc/arm-none-eabi/10.2.0/../../../../arm-none-eabi/lib/thumb\libg.a(lib_a-strchr.o)
                0x0000000002016374                strchr
 .text.strcpy   0x000000000201643c       0x10 c:/devkitpro/devkitarm/bin/../lib/gcc/arm-none-eabi/10.2.0/../../../../arm-none-eabi/lib/thumb\libg.a(lib_a-strcpy.o)
                0x000000000201643c                strcpy
 .text.strdup   0x000000000201644c       0x14 c:/devkitpro/devkitarm/bin/../lib/gcc/arm-none-eabi/10.2.0/../../../../arm-none-eabi/lib/thumb\libg.a(lib_a-strdup.o)
                0x000000000201644c                strdup
 .text._strdup_r
                0x0000000002016460       0x2c c:/devkitpro/devkitarm/bin/../lib/gcc/arm-none-eabi/10.2.0/../../../../arm-none-eabi/lib/thumb\libg.a(lib_a-strdup_r.o)
                0x0000000002016460                _strdup_r
 .text.strlen   0x000000000201648c       0x60 c:/devkitpro/devkitarm/bin/../lib/gcc/arm-none-eabi/10.2.0/../../../../arm-none-eabi/lib/thumb\libg.a(lib_a-strlen-stub.o)
                0x000000000201648c                strlen
 .text.strncasecmp
                0x00000000020164ec       0x54 c:/devkitpro/devkitarm/bin/../lib/gcc/arm-none-eabi/10.2.0/../../../../arm-none-eabi/lib/thumb\libg.a(lib_a-strncasecmp.o)
                0x00000000020164ec                strncasecmp
 .text.strncmp  0x0000000002016540       0x78 c:/devkitpro/devkitarm/bin/../lib/gcc/arm-none-eabi/10.2.0/../../../../arm-none-eabi/lib/thumb\libg.a(lib_a-strncmp.o)
                0x0000000002016540                strncmp
 .text.strncpy  0x00000000020165b8       0x74 c:/devkitpro/devkitarm/bin/../lib/gcc/arm-none-eabi/10.2.0/../../../../arm-none-eabi/lib/thumb\libg.a(lib_a-strncpy.o)
                0x00000000020165b8                strncpy
 .text.strnlen  0x000000000201662c       0x28 c:/devkitpro/devkitarm/bin/../lib/gcc/arm-none-eabi/10.2.0/../../../../arm-none-eabi/lib/thumb\libg.a(lib_a-strnlen.o)
                0x000000000201662c                strnlen
 .text.strpbrk  0x0000000002016654       0x40 c:/devkitpro/devkitarm/bin/../lib/gcc/arm-none-eabi/10.2.0/../../../../arm-none-eabi/lib/thumb\libg.a(lib_a-strpbrk.o)
                0x0000000002016654                strpbrk
 .text.strrchr  0x0000000002016694       0x2c c:/devkitpro/devkitarm/bin/../lib/gcc/arm-none-eabi/10.2.0/../../../../arm-none-eabi/lib/thumb\libg.a(lib_a-strrchr.o)
                0x0000000002016694                strrchr
 .text._strtol_l.part.0
                0x00000000020166c0      0x150 c:/devkitpro/devkitarm/bin/../lib/gcc/arm-none-eabi/10.2.0/../../../../arm-none-eabi/lib/thumb\libg.a(lib_a-strtol.o)
 .text._strtol_r
                0x0000000002016810       0x20 c:/devkitpro/devkitarm/bin/../lib/gcc/arm-none-eabi/10.2.0/../../../../arm-none-eabi/lib/thumb\libg.a(lib_a-strtol.o)
                0x0000000002016810                _strtol_r
 .text.get_arg  0x0000000002016830       0x32 c:/devkitpro/devkitarm/bin/../lib/gcc/arm-none-eabi/10.2.0/../../../../arm-none-eabi/lib/thumb\libg.a(lib_a-svfiscanf.o)
 .text._sungetc_r
                0x0000000002016862       0x7e c:/devkitpro/devkitarm/bin/../lib/gcc/arm-none-eabi/10.2.0/../../../../arm-none-eabi/lib/thumb\libg.a(lib_a-svfiscanf.o)
                0x0000000002016862                _sungetc_r
 .text.__ssrefill_r
                0x00000000020168e0       0x42 c:/devkitpro/devkitarm/bin/../lib/gcc/arm-none-eabi/10.2.0/../../../../arm-none-eabi/lib/thumb\libg.a(lib_a-svfiscanf.o)
                0x00000000020168e0                __ssrefill_r
 .text._sfread_r
                0x0000000002016922       0x8a c:/devkitpro/devkitarm/bin/../lib/gcc/arm-none-eabi/10.2.0/../../../../arm-none-eabi/lib/thumb\libg.a(lib_a-svfiscanf.o)
                0x0000000002016922                _sfread_r
 .text.__ssvfiscanf_r
                0x00000000020169ac     0x1b6c c:/devkitpro/devkitarm/bin/../lib/gcc/arm-none-eabi/10.2.0/../../../../arm-none-eabi/lib/thumb\libg.a(lib_a-svfiscanf.o)
                0x00000000020169ac                __ssvfiscanf_r
 .text.get_arg  0x0000000002018518      0x3f0 c:/devkitpro/devkitarm/bin/../lib/gcc/arm-none-eabi/10.2.0/../../../../arm-none-eabi/lib/thumb\libg.a(lib_a-svfprintf.o)
 .text._svfprintf_r
                0x0000000002018908     0x2498 c:/devkitpro/devkitarm/bin/../lib/gcc/arm-none-eabi/10.2.0/../../../../arm-none-eabi/lib/thumb\libg.a(lib_a-svfprintf.o)
                0x0000000002018908                _svfprintf_r
 .text.lseek    0x000000000201ada0       0x24 c:/devkitpro/devkitarm/bin/../lib/gcc/arm-none-eabi/10.2.0/../../../../arm-none-eabi/lib/thumb\libg.a(lib_a-syslseek.o)
                0x000000000201ada0                lseek
 .text.open     0x000000000201adc4       0x28 c:/devkitpro/devkitarm/bin/../lib/gcc/arm-none-eabi/10.2.0/../../../../arm-none-eabi/lib/thumb\libg.a(lib_a-sysopen.o)
                0x000000000201adc4                open
 .text.read     0x000000000201adec       0x1c c:/devkitpro/devkitarm/bin/../lib/gcc/arm-none-eabi/10.2.0/../../../../arm-none-eabi/lib/thumb\libg.a(lib_a-sysread.o)
                0x000000000201adec                read
 .text.time     0x000000000201ae08       0x34 c:/devkitpro/devkitarm/bin/../lib/gcc/arm-none-eabi/10.2.0/../../../../arm-none-eabi/lib/thumb\libg.a(lib_a-time.o)
                0x000000000201ae08                time
 .text.towlower
                0x000000000201ae3c       0x10 c:/devkitpro/devkitarm/bin/../lib/gcc/arm-none-eabi/10.2.0/../../../../arm-none-eabi/lib/thumb\libg.a(lib_a-towlower.o)
                0x000000000201ae3c                towlower
 .text.towupper
                0x000000000201ae4c       0x10 c:/devkitpro/devkitarm/bin/../lib/gcc/arm-none-eabi/10.2.0/../../../../arm-none-eabi/lib/thumb\libg.a(lib_a-towupper.o)
                0x000000000201ae4c                towupper
 .text.__tzcalc_limits
                0x000000000201ae5c      0x1a8 c:/devkitpro/devkitarm/bin/../lib/gcc/arm-none-eabi/10.2.0/../../../../arm-none-eabi/lib/thumb\libg.a(lib_a-tzcalc_limits.o)
                0x000000000201ae5c                __tzcalc_limits
 .text.__tz_lock
                0x000000000201b004       0x14 c:/devkitpro/devkitarm/bin/../lib/gcc/arm-none-eabi/10.2.0/../../../../arm-none-eabi/lib/thumb\libg.a(lib_a-tzlock.o)
                0x000000000201b004                __tz_lock
 .text.__tz_unlock
                0x000000000201b018       0x14 c:/devkitpro/devkitarm/bin/../lib/gcc/arm-none-eabi/10.2.0/../../../../arm-none-eabi/lib/thumb\libg.a(lib_a-tzlock.o)
                0x000000000201b018                __tz_unlock
 .text._tzset_unlocked
                0x000000000201b02c       0x10 c:/devkitpro/devkitarm/bin/../lib/gcc/arm-none-eabi/10.2.0/../../../../arm-none-eabi/lib/thumb\libg.a(lib_a-tzset.o)
                0x000000000201b02c                _tzset_unlocked
 .text._tzset_unlocked_r
                0x000000000201b03c      0x360 c:/devkitpro/devkitarm/bin/../lib/gcc/arm-none-eabi/10.2.0/../../../../arm-none-eabi/lib/thumb\libg.a(lib_a-tzset_r.o)
                0x000000000201b03c                _tzset_unlocked_r
 .text.__submore
                0x000000000201b39c       0x88 c:/devkitpro/devkitarm/bin/../lib/gcc/arm-none-eabi/10.2.0/../../../../arm-none-eabi/lib/thumb\libg.a(lib_a-ungetc.o)
                0x000000000201b39c                __submore
 .text.get_arg  0x000000000201b424      0x3f0 c:/devkitpro/devkitarm/bin/../lib/gcc/arm-none-eabi/10.2.0/../../../../arm-none-eabi/lib/thumb\libg.a(lib_a-vfiprintf.o)
 .text.__sprint_r
                0x000000000201b814       0x20 c:/devkitpro/devkitarm/bin/../lib/gcc/arm-none-eabi/10.2.0/../../../../arm-none-eabi/lib/thumb\libg.a(lib_a-vfiprintf.o)
                0x000000000201b814                __sprint_r
 .text._vfiprintf_r
                0x000000000201b834     0x1800 c:/devkitpro/devkitarm/bin/../lib/gcc/arm-none-eabi/10.2.0/../../../../arm-none-eabi/lib/thumb\libg.a(lib_a-vfiprintf.o)
                0x000000000201b834                _vfiprintf_r
 .text.__sbprintf
                0x000000000201d034       0x8c c:/devkitpro/devkitarm/bin/../lib/gcc/arm-none-eabi/10.2.0/../../../../arm-none-eabi/lib/thumb\libg.a(lib_a-vfiprintf.o)
 .text._wcrtomb_r
                0x000000000201d0c0       0x5c c:/devkitpro/devkitarm/bin/../lib/gcc/arm-none-eabi/10.2.0/../../../../arm-none-eabi/lib/thumb\libg.a(lib_a-wcrtomb.o)
                0x000000000201d0c0                _wcrtomb_r
 .text.wcrtomb  0x000000000201d11c       0x74 c:/devkitpro/devkitarm/bin/../lib/gcc/arm-none-eabi/10.2.0/../../../../arm-none-eabi/lib/thumb\libg.a(lib_a-wcrtomb.o)
                0x000000000201d11c                wcrtomb
 .text._wcsrtombs_r
                0x000000000201d190       0x1c c:/devkitpro/devkitarm/bin/../lib/gcc/arm-none-eabi/10.2.0/../../../../arm-none-eabi/lib/thumb\libg.a(lib_a-wcsrtombs.o)
                0x000000000201d190                _wcsrtombs_r
 .text.wctob    0x000000000201d1ac       0x48 c:/devkitpro/devkitarm/bin/../lib/gcc/arm-none-eabi/10.2.0/../../../../arm-none-eabi/lib/thumb\libg.a(lib_a-wctob.o)
                0x000000000201d1ac                wctob
 .text.__utf8_wctomb
                0x000000000201d1f4       0xb4 c:/devkitpro/devkitarm/bin/../lib/gcc/arm-none-eabi/10.2.0/../../../../arm-none-eabi/lib/thumb\libg.a(lib_a-wctomb_r.o)
                0x000000000201d1f4                __utf8_wctomb
 .text.__swsetup_r
                0x000000000201d2a8       0xe4 c:/devkitpro/devkitarm/bin/../lib/gcc/arm-none-eabi/10.2.0/../../../../arm-none-eabi/lib/thumb\libg.a(lib_a-wsetup.o)
                0x000000000201d2a8                __swsetup_r
 .text.div      0x000000000201d38c       0x34 c:/devkitpro/devkitarm/bin/../lib/gcc/arm-none-eabi/10.2.0/../../../../arm-none-eabi/lib/thumb\libg.a(lib_a-div.o)
                0x000000000201d38c                div
 .text.quorem   0x000000000201d3c0      0x14c c:/devkitpro/devkitarm/bin/../lib/gcc/arm-none-eabi/10.2.0/../../../../arm-none-eabi/lib/thumb\libg.a(lib_a-dtoa.o)
 .text._dtoa_r  0x000000000201d50c      0xff0 c:/devkitpro/devkitarm/bin/../lib/gcc/arm-none-eabi/10.2.0/../../../../arm-none-eabi/lib/thumb\libg.a(lib_a-dtoa.o)
                0x000000000201d50c                _dtoa_r
 .text.__errno  0x000000000201e4fc        0xc c:/devkitpro/devkitarm/bin/../lib/gcc/arm-none-eabi/10.2.0/../../../../arm-none-eabi/lib/thumb\libg.a(lib_a-errno.o)
                0x000000000201e4fc                __errno
 .text.__sflags
                0x000000000201e508       0xa4 c:/devkitpro/devkitarm/bin/../lib/gcc/arm-none-eabi/10.2.0/../../../../arm-none-eabi/lib/thumb\libg.a(lib_a-flags.o)
                0x000000000201e508                __sflags
 .text.__sfvwrite_r
                0x000000000201e5ac      0x324 c:/devkitpro/devkitarm/bin/../lib/gcc/arm-none-eabi/10.2.0/../../../../arm-none-eabi/lib/thumb\libg.a(lib_a-fvwrite.o)
                0x000000000201e5ac                __sfvwrite_r
 .text._findenv_r
                0x000000000201e8d0       0x94 c:/devkitpro/devkitarm/bin/../lib/gcc/arm-none-eabi/10.2.0/../../../../arm-none-eabi/lib/thumb\libg.a(lib_a-getenv_r.o)
                0x000000000201e8d0                _findenv_r
 .text._getenv_r
                0x000000000201e964       0x10 c:/devkitpro/devkitarm/bin/../lib/gcc/arm-none-eabi/10.2.0/../../../../arm-none-eabi/lib/thumb\libg.a(lib_a-getenv_r.o)
                0x000000000201e964                _getenv_r
 .text.__gettzinfo
                0x000000000201e974        0x8 c:/devkitpro/devkitarm/bin/../lib/gcc/arm-none-eabi/10.2.0/../../../../arm-none-eabi/lib/thumb\libg.a(lib_a-gettzinfo.o)
                0x000000000201e974                __gettzinfo
 .text.gmtime_r
                0x000000000201e97c      0x1d8 c:/devkitpro/devkitarm/bin/../lib/gcc/arm-none-eabi/10.2.0/../../../../arm-none-eabi/lib/thumb\libg.a(lib_a-gmtime_r.o)
                0x000000000201e97c                gmtime_r
 .text.iswspace
                0x000000000201eb54       0x10 c:/devkitpro/devkitarm/bin/../lib/gcc/arm-none-eabi/10.2.0/../../../../arm-none-eabi/lib/thumb\libg.a(lib_a-iswspace.o)
                0x000000000201eb54                iswspace
 .text._localeconv_r
                0x000000000201eb64        0x8 c:/devkitpro/devkitarm/bin/../lib/gcc/arm-none-eabi/10.2.0/../../../../arm-none-eabi/lib/thumb\libg.a(lib_a-localeconv.o)
                0x000000000201eb64                _localeconv_r
 .text._mbsnrtowcs_r
                0x000000000201eb6c       0xc0 c:/devkitpro/devkitarm/bin/../lib/gcc/arm-none-eabi/10.2.0/../../../../arm-none-eabi/lib/thumb\libg.a(lib_a-mbsnrtowcs.o)
                0x000000000201eb6c                _mbsnrtowcs_r
 .text.memchr   0x000000000201ec2c       0x78 c:/devkitpro/devkitarm/bin/../lib/gcc/arm-none-eabi/10.2.0/../../../../arm-none-eabi/lib/thumb\libg.a(lib_a-memchr-stub.o)
                0x000000000201ec2c                memchr
 .text._Balloc  0x000000000201eca4       0x54 c:/devkitpro/devkitarm/bin/../lib/gcc/arm-none-eabi/10.2.0/../../../../arm-none-eabi/lib/thumb\libg.a(lib_a-mprec.o)
                0x000000000201eca4                _Balloc
 .text._Bfree   0x000000000201ecf8       0x14 c:/devkitpro/devkitarm/bin/../lib/gcc/arm-none-eabi/10.2.0/../../../../arm-none-eabi/lib/thumb\libg.a(lib_a-mprec.o)
                0x000000000201ecf8                _Bfree
 .text.__multadd
                0x000000000201ed0c       0xac c:/devkitpro/devkitarm/bin/../lib/gcc/arm-none-eabi/10.2.0/../../../../arm-none-eabi/lib/thumb\libg.a(lib_a-mprec.o)
                0x000000000201ed0c                __multadd
 .text.__hi0bits
                0x000000000201edb8       0x38 c:/devkitpro/devkitarm/bin/../lib/gcc/arm-none-eabi/10.2.0/../../../../arm-none-eabi/lib/thumb\libg.a(lib_a-mprec.o)
                0x000000000201edb8                __hi0bits
 .text.__lo0bits
                0x000000000201edf0       0x5c c:/devkitpro/devkitarm/bin/../lib/gcc/arm-none-eabi/10.2.0/../../../../arm-none-eabi/lib/thumb\libg.a(lib_a-mprec.o)
                0x000000000201edf0                __lo0bits
 .text.__i2b    0x000000000201ee4c       0x64 c:/devkitpro/devkitarm/bin/../lib/gcc/arm-none-eabi/10.2.0/../../../../arm-none-eabi/lib/thumb\libg.a(lib_a-mprec.o)
                0x000000000201ee4c                __i2b
 .text.__multiply
                0x000000000201eeb0      0x1a8 c:/devkitpro/devkitarm/bin/../lib/gcc/arm-none-eabi/10.2.0/../../../../arm-none-eabi/lib/thumb\libg.a(lib_a-mprec.o)
                0x000000000201eeb0                __multiply
 .text.__pow5mult
                0x000000000201f058       0xdc c:/devkitpro/devkitarm/bin/../lib/gcc/arm-none-eabi/10.2.0/../../../../arm-none-eabi/lib/thumb\libg.a(lib_a-mprec.o)
                0x000000000201f058                __pow5mult
 .text.__lshift
                0x000000000201f134      0x100 c:/devkitpro/devkitarm/bin/../lib/gcc/arm-none-eabi/10.2.0/../../../../arm-none-eabi/lib/thumb\libg.a(lib_a-mprec.o)
                0x000000000201f134                __lshift
 .text.__mcmp   0x000000000201f234       0x38 c:/devkitpro/devkitarm/bin/../lib/gcc/arm-none-eabi/10.2.0/../../../../arm-none-eabi/lib/thumb\libg.a(lib_a-mprec.o)
                0x000000000201f234                __mcmp
 .text.__mdiff  0x000000000201f26c      0x190 c:/devkitpro/devkitarm/bin/../lib/gcc/arm-none-eabi/10.2.0/../../../../arm-none-eabi/lib/thumb\libg.a(lib_a-mprec.o)
                0x000000000201f26c                __mdiff
 .text.__d2b    0x000000000201f3fc       0xdc c:/devkitpro/devkitarm/bin/../lib/gcc/arm-none-eabi/10.2.0/../../../../arm-none-eabi/lib/thumb\libg.a(lib_a-mprec.o)
                0x000000000201f3fc                __d2b
 .text.__sccl   0x000000000201f4d8       0x90 c:/devkitpro/devkitarm/bin/../lib/gcc/arm-none-eabi/10.2.0/../../../../arm-none-eabi/lib/thumb\libg.a(lib_a-sccl.o)
                0x000000000201f4d8                __sccl
 .text.frexp    0x000000000201f568       0x68 c:/devkitpro/devkitarm/bin/../lib/gcc/arm-none-eabi/10.2.0/../../../../arm-none-eabi/lib/thumb\libg.a(lib_a-s_frexp.o)
                0x000000000201f568                frexp
 .text._strtoll_l.constprop.0
                0x000000000201f5d0      0x1ac c:/devkitpro/devkitarm/bin/../lib/gcc/arm-none-eabi/10.2.0/../../../../arm-none-eabi/lib/thumb\libg.a(lib_a-strtoll.o)
 .text._strtoll_r
                0x000000000201f77c        0xc c:/devkitpro/devkitarm/bin/../lib/gcc/arm-none-eabi/10.2.0/../../../../arm-none-eabi/lib/thumb\libg.a(lib_a-strtoll.o)
                0x000000000201f77c                _strtoll_r
 .text._strtoull_l.constprop.0
                0x000000000201f788      0x1c8 c:/devkitpro/devkitarm/bin/../lib/gcc/arm-none-eabi/10.2.0/../../../../arm-none-eabi/lib/thumb\libg.a(lib_a-strtoull.o)
 .text._strtoull_r
                0x000000000201f950        0xc c:/devkitpro/devkitarm/bin/../lib/gcc/arm-none-eabi/10.2.0/../../../../arm-none-eabi/lib/thumb\libg.a(lib_a-strtoull.o)
                0x000000000201f950                _strtoull_r
 .text._strtoul_l.constprop.0
                0x000000000201f95c      0x148 c:/devkitpro/devkitarm/bin/../lib/gcc/arm-none-eabi/10.2.0/../../../../arm-none-eabi/lib/thumb\libg.a(lib_a-strtoul.o)
 .text._strtoul_r
                0x000000000201faa4        0xc c:/devkitpro/devkitarm/bin/../lib/gcc/arm-none-eabi/10.2.0/../../../../arm-none-eabi/lib/thumb\libg.a(lib_a-strtoul.o)
                0x000000000201faa4                _strtoul_r
 .text.strtoul  0x000000000201fab0       0x1c c:/devkitpro/devkitarm/bin/../lib/gcc/arm-none-eabi/10.2.0/../../../../arm-none-eabi/lib/thumb\libg.a(lib_a-strtoul.o)
                0x000000000201fab0                strtoul
 .text.__ssprint_r
                0x000000000201facc      0x124 c:/devkitpro/devkitarm/bin/../lib/gcc/arm-none-eabi/10.2.0/../../../../arm-none-eabi/lib/thumb\libg.a(lib_a-svfiprintf.o)
                0x000000000201facc                __ssprint_r
 .text.towctrans
                0x000000000201fbf0       0x28 c:/devkitpro/devkitarm/bin/../lib/gcc/arm-none-eabi/10.2.0/../../../../arm-none-eabi/lib/thumb\libg.a(lib_a-towctrans.o)
                0x000000000201fbf0                towctrans
 .text._wcsnrtombs_l
                0x000000000201fc18      0x138 c:/devkitpro/devkitarm/bin/../lib/gcc/arm-none-eabi/10.2.0/../../../../arm-none-eabi/lib/thumb\libg.a(lib_a-wcsnrtombs.o)
                0x000000000201fc18                _wcsnrtombs_l
 .text._wcsnrtombs_r
                0x000000000201fd50       0x30 c:/devkitpro/devkitarm/bin/../lib/gcc/arm-none-eabi/10.2.0/../../../../arm-none-eabi/lib/thumb\libg.a(lib_a-wcsnrtombs.o)
                0x000000000201fd50                _wcsnrtombs_r
 .text.__assert_func
                0x000000000201fd80       0x40 c:/devkitpro/devkitarm/bin/../lib/gcc/arm-none-eabi/10.2.0/../../../../arm-none-eabi/lib/thumb\libg.a(lib_a-assert.o)
                0x000000000201fd80                __assert_func
 .text.__env_lock
                0x000000000201fdc0       0x14 c:/devkitpro/devkitarm/bin/../lib/gcc/arm-none-eabi/10.2.0/../../../../arm-none-eabi/lib/thumb\libg.a(lib_a-envlock.o)
                0x000000000201fdc0                __env_lock
 .text.__env_unlock
                0x000000000201fdd4       0x14 c:/devkitpro/devkitarm/bin/../lib/gcc/arm-none-eabi/10.2.0/../../../../arm-none-eabi/lib/thumb\libg.a(lib_a-envlock.o)
                0x000000000201fdd4                __env_unlock
 .text.fiprintf
                0x000000000201fde8       0x28 c:/devkitpro/devkitarm/bin/../lib/gcc/arm-none-eabi/10.2.0/../../../../arm-none-eabi/lib/thumb\libg.a(lib_a-fiprintf.o)
                0x000000000201fde8                fiprintf
 .text.iswspace_l
                0x000000000201fe10       0x2c c:/devkitpro/devkitarm/bin/../lib/gcc/arm-none-eabi/10.2.0/../../../../arm-none-eabi/lib/thumb\libg.a(lib_a-iswspace_l.o)
                0x000000000201fe10                iswspace_l
 .text.__jp2uc  0x000000000201fe3c      0x164 c:/devkitpro/devkitarm/bin/../lib/gcc/arm-none-eabi/10.2.0/../../../../arm-none-eabi/lib/thumb\libg.a(lib_a-jp2uc.o)
 .text._jp2uc_l
                0x000000000201ffa0       0x6c c:/devkitpro/devkitarm/bin/../lib/gcc/arm-none-eabi/10.2.0/../../../../arm-none-eabi/lib/thumb\libg.a(lib_a-jp2uc.o)
                0x000000000201ffa0                _jp2uc_l
 .text._uc2jp_l
                0x000000000202000c       0x4c c:/devkitpro/devkitarm/bin/../lib/gcc/arm-none-eabi/10.2.0/../../../../arm-none-eabi/lib/thumb\libg.a(lib_a-jp2uc.o)
                0x000000000202000c                _uc2jp_l
 .text.towctrans_l
                0x0000000002020058      0x1b4 c:/devkitpro/devkitarm/bin/../lib/gcc/arm-none-eabi/10.2.0/../../../../arm-none-eabi/lib/thumb\libg.a(lib_a-towctrans_l.o)
                0x0000000002020058                towctrans_l
 .text.abort    0x000000000202020c       0x10 c:/devkitpro/devkitarm/bin/../lib/gcc/arm-none-eabi/10.2.0/../../../../arm-none-eabi/lib/thumb\libg.a(lib_a-abort.o)
                0x000000000202020c                abort
 .text.category
                0x000000000202021c       0x54 c:/devkitpro/devkitarm/bin/../lib/gcc/arm-none-eabi/10.2.0/../../../../arm-none-eabi/lib/thumb\libg.a(lib_a-categories.o)
                0x000000000202021c                category
 .text._raise_r
                0x0000000002020270       0x64 c:/devkitpro/devkitarm/bin/../lib/gcc/arm-none-eabi/10.2.0/../../../../arm-none-eabi/lib/thumb\libg.a(lib_a-signal.o)
                0x0000000002020270                _raise_r
 .text.raise    0x00000000020202d4       0x14 c:/devkitpro/devkitarm/bin/../lib/gcc/arm-none-eabi/10.2.0/../../../../arm-none-eabi/lib/thumb\libg.a(lib_a-signal.o)
                0x00000000020202d4                raise
 .text.null_write
                0x00000000020202e8        0x4 c:/devkitpro/devkitarm/bin/../lib/gcc/arm-none-eabi/10.2.0/../../../../arm-none-eabi/lib/thumb\libsysbase.a(iosupport.o)
 .text.setDefaultDevice
                0x00000000020202ec       0x10 c:/devkitpro/devkitarm/bin/../lib/gcc/arm-none-eabi/10.2.0/../../../../arm-none-eabi/lib/thumb\libsysbase.a(iosupport.o)
                0x00000000020202ec                setDefaultDevice
 .text.FindDevice
                0x00000000020202fc       0x98 c:/devkitpro/devkitarm/bin/../lib/gcc/arm-none-eabi/10.2.0/../../../../arm-none-eabi/lib/thumb\libsysbase.a(iosupport.o)
                0x00000000020202fc                FindDevice
 .text.AddDevice
                0x0000000002020394       0x78 c:/devkitpro/devkitarm/bin/../lib/gcc/arm-none-eabi/10.2.0/../../../../arm-none-eabi/lib/thumb\libsysbase.a(iosupport.o)
                0x0000000002020394                AddDevice
 .text.GetDeviceOpTab
                0x000000000202040c       0x20 c:/devkitpro/devkitarm/bin/../lib/gcc/arm-none-eabi/10.2.0/../../../../arm-none-eabi/lib/thumb\libsysbase.a(iosupport.o)
                0x000000000202040c                GetDeviceOpTab
 .text._fstat_r
                0x000000000202042c       0x4c c:/devkitpro/devkitarm/bin/../lib/gcc/arm-none-eabi/10.2.0/../../../../arm-none-eabi/lib/thumb\libsysbase.a(fstat.o)
                0x000000000202042c                _fstat_r
 .text._getpid_r
                0x0000000002020478        0xc c:/devkitpro/devkitarm/bin/../lib/gcc/arm-none-eabi/10.2.0/../../../../arm-none-eabi/lib/thumb\libsysbase.a(getpid.o)
                0x0000000002020478                _getpid_r
 .text._gettimeofday_r
                0x0000000002020484       0x28 c:/devkitpro/devkitarm/bin/../lib/gcc/arm-none-eabi/10.2.0/../../../../arm-none-eabi/lib/thumb\libsysbase.a(gettod.o)
                0x0000000002020484                _gettimeofday_r
 .text._isatty_r
                0x00000000020204ac        0x4 c:/devkitpro/devkitarm/bin/../lib/gcc/arm-none-eabi/10.2.0/../../../../arm-none-eabi/lib/thumb\libsysbase.a(isatty.o)
                0x00000000020204ac                _isatty_r
 .text._kill_r  0x00000000020204b0        0xc c:/devkitpro/devkitarm/bin/../lib/gcc/arm-none-eabi/10.2.0/../../../../arm-none-eabi/lib/thumb\libsysbase.a(kill.o)
                0x00000000020204b0                _kill_r
 .text._lseek_r
                0x00000000020204bc       0x5c c:/devkitpro/devkitarm/bin/../lib/gcc/arm-none-eabi/10.2.0/../../../../arm-none-eabi/lib/thumb\libsysbase.a(lseek.o)
                0x00000000020204bc                _lseek_r
 .text._open_r  0x0000000002020518       0x9c c:/devkitpro/devkitarm/bin/../lib/gcc/arm-none-eabi/10.2.0/../../../../arm-none-eabi/lib/thumb\libsysbase.a(open.o)
                0x0000000002020518                _open_r
 .text._read_r  0x00000000020205b4       0x50 c:/devkitpro/devkitarm/bin/../lib/gcc/arm-none-eabi/10.2.0/../../../../arm-none-eabi/lib/thumb\libsysbase.a(read.o)
                0x00000000020205b4                _read_r
 .text._sbrk_r  0x0000000002020604       0x54 c:/devkitpro/devkitarm/bin/../lib/gcc/arm-none-eabi/10.2.0/../../../../arm-none-eabi/lib/thumb\libsysbase.a(sbrk.o)
                0x0000000002020604                _sbrk_r
 .text._write_r
                0x0000000002020658       0x50 c:/devkitpro/devkitarm/bin/../lib/gcc/arm-none-eabi/10.2.0/../../../../arm-none-eabi/lib/thumb\libsysbase.a(write.o)
                0x0000000002020658                _write_r
 .text._exit    0x00000000020206a8       0x18 c:/devkitpro/devkitarm/bin/../lib/gcc/arm-none-eabi/10.2.0/../../../../arm-none-eabi/lib/thumb\libsysbase.a(_exit.o)
                0x00000000020206a8                _exit
 .text._concatenate_path
                0x00000000020206c0      0x128 c:/devkitpro/devkitarm/bin/../lib/gcc/arm-none-eabi/10.2.0/../../../../arm-none-eabi/lib/thumb\libsysbase.a(chdir.o)
                0x00000000020206c0                _concatenate_path
 .text.chdir    0x00000000020207e8       0xec c:/devkitpro/devkitarm/bin/../lib/gcc/arm-none-eabi/10.2.0/../../../../arm-none-eabi/lib/thumb\libsysbase.a(chdir.o)
                0x00000000020207e8                chdir
 .text.getcwd   0x00000000020208d4       0x60 c:/devkitpro/devkitarm/bin/../lib/gcc/arm-none-eabi/10.2.0/../../../../arm-none-eabi/lib/thumb\libsysbase.a(chdir.o)
                0x00000000020208d4                getcwd
 .text.build_argv
                0x0000000002020934       0x4c c:/devkitpro/devkitarm/bin/../lib/gcc/arm-none-eabi/10.2.0/../../../../arm-none-eabi/lib/thumb\libsysbase.a(build_argv.o)
                0x0000000002020934                build_argv
 .text.__flockfile
                0x0000000002020980       0x10 c:/devkitpro/devkitarm/bin/../lib/gcc/arm-none-eabi/10.2.0/../../../../arm-none-eabi/lib/thumb\libsysbase.a(flock.o)
                0x0000000002020980                __flockfile
 .text.__funlockfile
                0x0000000002020990       0x10 c:/devkitpro/devkitarm/bin/../lib/gcc/arm-none-eabi/10.2.0/../../../../arm-none-eabi/lib/thumb\libsysbase.a(flock.o)
                0x0000000002020990                __funlockfile
 .text.__libc_lock_acquire
                0x00000000020209a0       0x1c c:/devkitpro/devkitarm/bin/../lib/gcc/arm-none-eabi/10.2.0/../../../../arm-none-eabi/lib/thumb\libsysbase.a(syscall_support.o)
                0x00000000020209a0                __libc_lock_acquire
 .text.__libc_lock_release
                0x00000000020209bc       0x1c c:/devkitpro/devkitarm/bin/../lib/gcc/arm-none-eabi/10.2.0/../../../../arm-none-eabi/lib/thumb\libsysbase.a(syscall_support.o)
                0x00000000020209bc                __libc_lock_release
 .text.__libc_lock_init_recursive
                0x00000000020209d8       0x1c c:/devkitpro/devkitarm/bin/../lib/gcc/arm-none-eabi/10.2.0/../../../../arm-none-eabi/lib/thumb\libsysbase.a(syscall_support.o)
                0x00000000020209d8                __libc_lock_init_recursive
 .text.__libc_lock_acquire_recursive
                0x00000000020209f4       0x1c c:/devkitpro/devkitarm/bin/../lib/gcc/arm-none-eabi/10.2.0/../../../../arm-none-eabi/lib/thumb\libsysbase.a(syscall_support.o)
                0x00000000020209f4                __libc_lock_acquire_recursive
 .text.__libc_lock_release_recursive
                0x0000000002020a10       0x1c c:/devkitpro/devkitarm/bin/../lib/gcc/arm-none-eabi/10.2.0/../../../../arm-none-eabi/lib/thumb\libsysbase.a(syscall_support.o)
                0x0000000002020a10                __libc_lock_release_recursive
 .text.__libc_lock_close_recursive
                0x0000000002020a2c       0x1c c:/devkitpro/devkitarm/bin/../lib/gcc/arm-none-eabi/10.2.0/../../../../arm-none-eabi/lib/thumb\libsysbase.a(syscall_support.o)
                0x0000000002020a2c                __libc_lock_close_recursive
 .text.__release_handle
                0x0000000002020a48       0x68 c:/devkitpro/devkitarm/bin/../lib/gcc/arm-none-eabi/10.2.0/../../../../arm-none-eabi/lib/thumb\libsysbase.a(handle_manager.o)
                0x0000000002020a48                __release_handle
 .text.__alloc_handle
                0x0000000002020ab0       0x80 c:/devkitpro/devkitarm/bin/../lib/gcc/arm-none-eabi/10.2.0/../../../../arm-none-eabi/lib/thumb\libsysbase.a(handle_manager.o)
                0x0000000002020ab0                __alloc_handle
 .text.__get_handle
                0x0000000002020b30       0x34 c:/devkitpro/devkitarm/bin/../lib/gcc/arm-none-eabi/10.2.0/../../../../arm-none-eabi/lib/thumb\libsysbase.a(handle_manager.o)
                0x0000000002020b30                __get_handle
 .text._close_r
                0x0000000002020b64       0xb8 c:/devkitpro/devkitarm/bin/../lib/gcc/arm-none-eabi/10.2.0/../../../../arm-none-eabi/lib/thumb\libsysbase.a(handle_manager.o)
                0x0000000002020b64                _close_r
 .text.__getreent
                0x0000000002020c1c       0x28 c:/devkitpro/devkitarm/bin/../lib/gcc/arm-none-eabi/10.2.0/../../../../arm-none-eabi/lib/thumb\libsysbase.a(getreent.o)
                0x0000000002020c1c                __getreent
 *fill*         0x0000000002020c44        0x4 ff
 .text.__getreent.__stub
                0x0000000002020c48      0x168 linker stubs
 *(EXCLUDE_FILE(*.twl*) .gnu.warning)
 *(EXCLUDE_FILE(*.twl*) .gnu.linkonce.t*)
 *(.glue_7)
 .glue_7        0x0000000002020dc0        0x0 linker stubs
 *(.glue_7t)
 .glue_7t       0x0000000002020dc0        0x0 linker stubs
                0x0000000002020dc0                . = ALIGN (0x4)

.vfp11_veneer   0x0000000002020dc0        0x0
 .vfp11_veneer  0x0000000002020dc0        0x0 linker stubs

.v4_bx          0x0000000002020dc0        0x0
 .v4_bx         0x0000000002020dc0        0x0 linker stubs

.iplt           0x0000000002020dc0        0x0
 .iplt          0x0000000002020dc0        0x0 c:/devkitpro/devkitarm/bin/../lib/gcc/arm-none-eabi/10.2.0/../../../../arm-none-eabi/lib/thumb/ds_arm9_crt0.o

.fini           0x0000000002020dc0        0xc
 *(.fini)
 .fini          0x0000000002020dc0        0x4 c:/devkitpro/devkitarm/bin/../lib/gcc/arm-none-eabi/10.2.0/thumb/crti.o
                0x0000000002020dc0                _fini
 .fini          0x0000000002020dc4        0x8 c:/devkitpro/devkitarm/bin/../lib/gcc/arm-none-eabi/10.2.0/thumb/crtn.o